Component: ARM Compiler 5.06 update 6 (build 750) Tool: armlink [4d35ed]

==============================================================================

Section Cross References

    main.o(i.HAL_TIM_PeriodElapsedCallback) refers to stm32f4xx_hal.o(i.HAL_IncTick) for HAL_IncTick
    main.o(i.SystemClock_Config) refers to stm32f4xx_hal_rcc.o(i.HAL_RCC_OscConfig) for HAL_RCC_OscConfig
    main.o(i.SystemClock_Config) refers to stm32f4xx_hal_pwr_ex.o(i.HAL_PWREx_EnableOverDrive) for HAL_PWREx_EnableOverDrive
    main.o(i.SystemClock_Config) refers to stm32f4xx_hal_rcc.o(i.HAL_RCC_ClockConfig) for HAL_RCC_ClockConfig
    main.o(i.SystemClock_Config) refers to stm32f4xx_hal_rcc.o(i.HAL_RCC_GetHCLKFreq) for HAL_RCC_GetHCLKFreq
    main.o(i.SystemClock_Config) refers to stm32f4xx_hal_cortex.o(i.HAL_SYSTICK_Config) for HAL_SYSTICK_Config
    main.o(i.SystemClock_Config) refers to stm32f4xx_hal_cortex.o(i.HAL_SYSTICK_CLKSourceConfig) for HAL_SYSTICK_CLKSourceConfig
    main.o(i.SystemClock_Config) refers to stm32f4xx_hal_cortex.o(i.HAL_NVIC_SetPriority) for HAL_NVIC_SetPriority
    main.o(i.main) refers to stm32f4xx_hal.o(i.HAL_Init) for HAL_Init
    main.o(i.main) refers to main.o(i.SystemClock_Config) for SystemClock_Config
    main.o(i.main) refers to gpio.o(i.MX_GPIO_Init) for MX_GPIO_Init
    main.o(i.main) refers to dma.o(i.MX_DMA_Init) for MX_DMA_Init
    main.o(i.main) refers to can.o(i.MX_CAN1_Init) for MX_CAN1_Init
    main.o(i.main) refers to can.o(i.MX_CAN2_Init) for MX_CAN2_Init
    main.o(i.main) refers to usart.o(i.MX_USART1_UART_Init) for MX_USART1_UART_Init
    main.o(i.main) refers to usart.o(i.MX_USART6_UART_Init) for MX_USART6_UART_Init
    main.o(i.main) refers to usart.o(i.MX_UART8_Init) for MX_UART8_Init
    main.o(i.main) refers to usart.o(i.MX_USART3_UART_Init) for MX_USART3_UART_Init
    main.o(i.main) refers to usart.o(i.MX_UART7_Init) for MX_UART7_Init
    main.o(i.main) refers to spi.o(i.MX_SPI1_Init) for MX_SPI1_Init
    main.o(i.main) refers to usart.o(i.MX_USART2_UART_Init) for MX_USART2_UART_Init
    main.o(i.main) refers to adc.o(i.MX_ADC1_Init) for MX_ADC1_Init
    main.o(i.main) refers to oled.o(i.OLED_Init) for OLED_Init
    main.o(i.main) refers to stm32f4xx_hal.o(i.HAL_Delay) for HAL_Delay
    main.o(i.main) refers to bsp_can.o(i.can_device_init) for can_device_init
    main.o(i.main) refers to bsp_uart.o(i.uart_init) for uart_init
    main.o(i.main) refers to chassis_task.o(i.chassis_init) for chassis_init
    main.o(i.main) refers to manipulator_task.o(i.manipulator_param_init) for manipulator_param_init
    main.o(i.main) refers to task_1.o(i.Task_1_param_init) for Task_1_param_init
    main.o(i.main) refers to stm32f4xx_hal_gpio.o(i.HAL_GPIO_WritePin) for HAL_GPIO_WritePin
    main.o(i.main) refers to freertos.o(i.MX_FREERTOS_Init) for MX_FREERTOS_Init
    main.o(i.main) refers to cmsis_os.o(i.osKernelStart) for osKernelStart
    gpio.o(i.MX_GPIO_Init) refers to stm32f4xx_hal_gpio.o(i.HAL_GPIO_WritePin) for HAL_GPIO_WritePin
    gpio.o(i.MX_GPIO_Init) refers to stm32f4xx_hal_gpio.o(i.HAL_GPIO_Init) for HAL_GPIO_Init
    adc.o(i.HAL_ADC_MspDeInit) refers to stm32f4xx_hal_gpio.o(i.HAL_GPIO_DeInit) for HAL_GPIO_DeInit
    adc.o(i.HAL_ADC_MspDeInit) refers to stm32f4xx_hal_dma.o(i.HAL_DMA_DeInit) for HAL_DMA_DeInit
    adc.o(i.HAL_ADC_MspDeInit) refers to stm32f4xx_hal_cortex.o(i.HAL_NVIC_DisableIRQ) for HAL_NVIC_DisableIRQ
    adc.o(i.HAL_ADC_MspInit) refers to stm32f4xx_hal_gpio.o(i.HAL_GPIO_Init) for HAL_GPIO_Init
    adc.o(i.HAL_ADC_MspInit) refers to stm32f4xx_hal_dma.o(i.HAL_DMA_Init) for HAL_DMA_Init
    adc.o(i.HAL_ADC_MspInit) refers to main.o(i._Error_Handler) for _Error_Handler
    adc.o(i.HAL_ADC_MspInit) refers to stm32f4xx_hal_cortex.o(i.HAL_NVIC_SetPriority) for HAL_NVIC_SetPriority
    adc.o(i.HAL_ADC_MspInit) refers to stm32f4xx_hal_cortex.o(i.HAL_NVIC_EnableIRQ) for HAL_NVIC_EnableIRQ
    adc.o(i.HAL_ADC_MspInit) refers to adc.o(.bss) for .bss
    adc.o(i.MX_ADC1_Init) refers to stm32f4xx_hal_adc.o(i.HAL_ADC_Init) for HAL_ADC_Init
    adc.o(i.MX_ADC1_Init) refers to main.o(i._Error_Handler) for _Error_Handler
    adc.o(i.MX_ADC1_Init) refers to stm32f4xx_hal_adc.o(i.HAL_ADC_ConfigChannel) for HAL_ADC_ConfigChannel
    adc.o(i.MX_ADC1_Init) refers to adc.o(.bss) for .bss
    can.o(i.HAL_CAN_MspDeInit) refers to stm32f4xx_hal_gpio.o(i.HAL_GPIO_DeInit) for HAL_GPIO_DeInit
    can.o(i.HAL_CAN_MspDeInit) refers to stm32f4xx_hal_cortex.o(i.HAL_NVIC_DisableIRQ) for HAL_NVIC_DisableIRQ
    can.o(i.HAL_CAN_MspDeInit) refers to can.o(.data) for .data
    can.o(i.HAL_CAN_MspInit) refers to stm32f4xx_hal_gpio.o(i.HAL_GPIO_Init) for HAL_GPIO_Init
    can.o(i.HAL_CAN_MspInit) refers to stm32f4xx_hal_cortex.o(i.HAL_NVIC_SetPriority) for HAL_NVIC_SetPriority
    can.o(i.HAL_CAN_MspInit) refers to stm32f4xx_hal_cortex.o(i.HAL_NVIC_EnableIRQ) for HAL_NVIC_EnableIRQ
    can.o(i.HAL_CAN_MspInit) refers to can.o(.data) for .data
[...]
    .bss                                     0x200011d4   Section       20  data_processing.o(.bss)
    .bss                                     0x200011e8   Section    15360  heap_4.o(.bss)
    ucHeap                                   0x200011e8   Data       15360  heap_4.o(.bss)
    .bss                                     0x20004de8   Section       64  queue.o(.bss)
    .bss                                     0x20004e28   Section      240  tasks.o(.bss)
    pxReadyTasksLists                        0x20004e28   Data         140  tasks.o(.bss)
    xDelayedTaskList1                        0x20004eb4   Data          20  tasks.o(.bss)
    xDelayedTaskList2                        0x20004ec8   Data          20  tasks.o(.bss)
    xPendingReadyList                        0x20004edc   Data          20  tasks.o(.bss)
    xTasksWaitingTermination                 0x20004ef0   Data          20  tasks.o(.bss)
    xSuspendedTaskList                       0x20004f04   Data          20  tasks.o(.bss)
    .bss                                     0x20004f18   Section       40  timers.o(.bss)
    xActiveTimerList1                        0x20004f18   Data          20  timers.o(.bss)
    xActiveTimerList2                        0x20004f2c   Data          20  timers.o(.bss)
    STACK                                    0x20004f40   Section     1024  startup_stm32f427xx.o(STACK)

    Global Symbols

    Symbol Name                              Value     Ov Type        Size  Object(Section)

    BuildAttributes$$THM_ISAv4$E$P$D$K$B$S$7EM$VFPi3$EXTD16$VFPS$VFMA$PE$A:L22UL41UL21$X:L11$S22US41US21$IEEE1$IW$USESV6$~STKCKD$USESV7$~SHL$OTIME$ROPI$IEEEX$EBA8$MICROLIB$REQ8$PRES8$EABIv2 0x00000000   Number         0  anon$$obj.o ABSOLUTE
    __ARM_use_no_argv                        0x00000000   Number         0  main.o ABSOLUTE
    __cpp_initialize__aeabi_                  - Undefined Weak Reference
    __cxa_finalize                            - Undefined Weak Reference
    __decompress                              - Undefined Weak Reference
    _clock_init                               - Undefined Weak Reference
    _microlib_exit                            - Undefined Weak Reference
    __Vectors_Size                           0x000001ac   Number         0  startup_stm32f427xx.o ABSOLUTE
    __Vectors                                0x08000000   Data           4  startup_stm32f427xx.o(RESET)
    __Vectors_End                            0x080001ac   Data           0  startup_stm32f427xx.o(RESET)
    __main                                   0x080001ad   Thumb Code     0  entry.o(.ARM.Collect$$$$00000000)
    _main_stk                                0x080001ad   Thumb Code     0  entry2.o(.ARM.Collect$$$$00000001)
    _main_scatterload                        0x080001b1   Thumb Code     0  entry5.o(.ARM.Collect$$$$00000004)
    __main_after_scatterload                 0x080001b5   Thumb Code     0  entry5.o(.ARM.Collect$$$$00000004)
    _main_clock                              0x080001b5   Thumb Code     0  entry7b.o(.ARM.Collect$$$$00000008)
    _main_cpp_init                           0x080001b5   Thumb Code     0  entry8b.o(.ARM.Collect$$$$0000000A)
    _main_init                               0x080001b5   Thumb Code     0  entry9a.o(.ARM.Collect$$$$0000000B)
    __rt_final_cpp                           0x080001bd   Thumb Code     0  entry10a.o(.ARM.Collect$$$$0000000D)
    __rt_final_exit                          0x080001bd   Thumb Code     0  entry11a.o(.ARM.Collect$$$$0000000F)
    SVC_Handler                              0x080001c1   Thumb Code    28  port.o(.emb_text)
    __asm___6_port_c_39a90d8d__prvStartFirstTask 0x080001e1   Thumb Code    28  port.o(.emb_text)
    __asm___6_port_c_39a90d8d__prvEnableVFP  0x08000201   Thumb Code    16  port.o(.emb_text)
    PendSV_Handler                           0x08000215   Thumb Code    92  port.o(.emb_text)
    vPortGetIPSR                             0x08000275   Thumb Code     6  port.o(.emb_text)
    Reset_Handler                            0x0800027d   Thumb Code     8  startup_stm32f427xx.o(.text)
    CAN1_RX1_IRQHandler                      0x08000297   Thumb Code     0  startup_stm32f427xx.o(.text)
    CAN1_SCE_IRQHandler                      0x08000297   Thumb Code     0  startup_stm32f427xx.o(.text)
    CAN2_SCE_IRQHandler                      0x08000297   Thumb Code     0  startup_stm32f427xx.o(.text)
    DCMI_IRQHandler                          0x08000297   Thumb Code     0  startup_stm32f427xx.o(.text)
    DMA1_Stream0_IRQHandler                  0x08000297   Thumb Code     0  startup_stm32f427xx.o(.text)
    DMA1_Stream2_IRQHandler                  0x08000297   Thumb Code     0  startup_stm32f427xx.o(.text)
    DMA1_Stream4_IRQHandler                  0x08000297   Thumb Code     0  startup_stm32f427xx.o(.text)
    DMA1_Stream7_IRQHandler                  0x08000297   Thumb Code     0  startup_stm32f427xx.o(.text)
    DMA2D_IRQHandler                         0x08000297   Thumb Code     0  startup_stm32f427xx.o(.text)
    DMA2_Stream3_IRQHandler                  0x08000297   Thumb Code     0  startup_stm32f427xx.o(.text)
    DMA2_Stream4_IRQHandler                  0x08000297   Thumb Code     0  startup_stm32f427xx.o(.text)
    DMA2_Stream5_IRQHandler                  0x08000297   Thumb Code     0  startup_stm32f427xx.o(.text)
    DMA2_Stream6_IRQHandler                  0x08000297   Thumb Code     0  startup_stm32f427xx.o(.text)
    DMA2_Stream7_IRQHandler                  0x08000297   Thumb Code     0  startup_stm32f427xx.o(.text)
    ETH_IRQHandler                           0x08000297   Thumb Code     0  startup_stm32f427xx.o(.text)
    ETH_WKUP_IRQHandler                      0x08000297   Thumb Code     0  startup_stm32f427xx.o(.text)
    EXTI0_IRQHandler                         0x08000297   Thumb Code     0  startup_stm32f427xx.o(.text)
    EXTI15_10_IRQHandler                     0x08000297   Thumb Code     0  startup_stm32f427xx.o(.text)
    EXTI1_IRQHandler                         0x08000297   Thumb Code     0  startup_stm32f427xx.o(.text)
    EXTI2_IRQHandler                         0x08000297   Thumb Code     0  startup_stm32f427xx.o(.text)
    EXTI3_IRQHandler                         0x08000297   Thumb Code     0  startup_stm32f427xx.o(.text)
    EXTI4_IRQHandler                         0x08000297   Thumb Code     0  startup_stm32f427xx.o(.text)
    EXTI9_5_IRQHandler                       0x08000297   Thumb Code     0  startup_stm32f427xx.o(.text)
    FLASH_IRQHandler                         0x08000297   Thumb Code     0  startup_stm32f427xx.o(.text)
    FMC_IRQHandler                           0x08000297   Thumb Code     0  startup_stm32f427xx.o(.text)
    FPU_IRQHandler                           0x08000297   Thumb Code     0  startup_stm32f427xx.o(.text)
    HASH_RNG_IRQHandler                      0x08000297   Thumb Code     0  startup_stm32f427xx.o(.text)
    I2C1_ER_IRQHandler                       0x08000297   Thumb Code     0  startup_stm32f427xx.o(.text)
    I2C1_EV_IRQHandler                       0x08000297   Thumb Code     0  startup_stm32f427xx.o(.text)
    I2C2_ER_IRQHandler                       0x08000297   Thumb Code     0  startup_stm32f427xx.o(.text)
    I2C2_EV_IRQHandler                       0x08000297   Thumb Code     0  startup_stm32f427xx.o(.text)
    I2C3_ER_IRQHandler                       0x08000297   Thumb Code     0  startup_stm32f427xx.o(.text)
    I2C3_EV_IRQHandler                       0x08000297   Thumb Code     0  startup_stm32f427xx.o(.text)
    OTG_FS_IRQHandler                        0x08000297   Thumb Code     0  startup_stm32f427xx.o(.text)
    OTG_FS_WKUP_IRQHandler                   0x08000297   Thumb Code     0  startup_stm32f427xx.o(.text)
    OTG_HS_EP1_IN_IRQHandler                 0x08000297   Thumb Code     0  startup_stm32f427xx.o(.text)
    OTG_HS_EP1_OUT_IRQHandler                0x08000297   Thumb Code     0  startup_stm32f427xx.o(.text)
    OTG_HS_IRQHandler                        0x08000297   Thumb Code     0  startup_stm32f427xx.o(.text)
    OTG_HS_WKUP_IRQHandler                   0x08000297   Thumb Code     0  startup_stm32f427xx.o(.text)
    PVD_IRQHandler                           0x08000297   Thumb Code     0  startup_stm32f427xx.o(.text)
    RCC_IRQHandler                           0x08000297   Thumb Code     0  startup_stm32f427xx.o(.text)
    RTC_Alarm_IRQHandler                     0x08000297   Thumb Code     0  startup_stm32f427xx.o(.text)
    RTC_WKUP_IRQHandler                      0x08000297   Thumb Code     0  startup_stm32f427xx.o(.text)
    SAI1_IRQHandler                          0x08000297   Thumb Code     0  startup_stm32f427xx.o(.text)
    SDIO_IRQHandler                          0x08000297   Thumb Code     0  startup_stm32f427xx.o(.text)
    SPI1_IRQHandler                          0x08000297   Thumb Code     0  startup_stm32f427xx.o(.text)
    SPI2_IRQHandler                          0x08000297   Thumb Code     0  startup_stm32f427xx.o(.text)
    SPI3_IRQHandler                          0x08000297   Thumb Code     0  startup_stm32f427xx.o(.text)
    SPI4_IRQHandler                          0x08000297   Thumb Code     0  startup_stm32f427xx.o(.text)
    SPI5_IRQHandler                          0x08000297   Thumb Code     0  startup_stm32f427xx.o(.text)
    SPI6_IRQHandler                          0x08000297   Thumb Code     0  startup_stm32f427xx.o(.text)
    TAMP_STAMP_IRQHandler                    0x08000297   Thumb Code     0  startup_stm32f427xx.o(.text)
    TIM1_BRK_TIM9_IRQHandler                 0x08000297   Thumb Code     0  startup_stm32f427xx.o(.text)
    TIM1_CC_IRQHandler                       0x08000297   Thumb Code     0  startup_stm32f427xx.o(.text)
    TIM1_TRG_COM_TIM11_IRQHandler            0x08000297   Thumb Code     0  startup_stm32f427xx.o(.text)
    TIM2_IRQHandler                          0x08000297   Thumb Code     0  startup_stm32f427xx.o(.text)
    TIM3_IRQHandler                          0x08000297   Thumb Code     0  startup_stm32f427xx.o(.text)
    TIM4_IRQHandler                          0x08000297   Thumb Code     0  startup_stm32f427xx.o(.text)
    TIM5_IRQHandler                          0x08000297   Thumb Code     0  startup_stm32f427xx.o(.text)
    TIM6_DAC_IRQHandler                      0x08000297   Thumb Code     0  startup_stm32f427xx.o(.text)
    TIM7_IRQHandler                          0x08000297   Thumb Code     0  startup_stm32f427xx.o(.text)
    TIM8_BRK_TIM12_IRQHandler                0x08000297   Thumb Code     0  startup_stm32f427xx.o(.text)
    TIM8_CC_IRQHandler                       0x08000297   Thumb Code     0  startup_stm32f427xx.o(.text)
    TIM8_TRG_COM_TIM14_IRQHandler            0x08000297   Thumb Code     0  startup_stm32f427xx.o(.text)
    TIM8_UP_TIM13_IRQHandler                 0x08000297   Thumb Code     0  startup_stm32f427xx.o(.text)
    UART4_IRQHandler                         0x08000297   Thumb Code     0  startup_stm32f427xx.o(.text)
    UART5_IRQHandler                         0x08000297   Thumb Code     0  startup_stm32f427xx.o(.text)
    WWDG_IRQHandler                          0x08000297   Thumb Code     0  startup_stm32f427xx.o(.text)
    __aeabi_uldivmod                         0x080002a1   Thumb Code    98  uldiv.o(.text)
    __aeabi_memcpy                           0x08000303   Thumb Code    36  memcpya.o(.text)
    __aeabi_memcpy4                          0x08000303   Thumb Code     0  memcpya.o(.text)
    __aeabi_memcpy8                          0x08000303   Thumb Code     0  memcpya.o(.text)
    __aeabi_memset                           0x08000327   Thumb Code    14  memseta.o(.text)
    __aeabi_memset4                          0x08000327   Thumb Code     0  memseta.o(.text)
    __aeabi_memset8                          0x08000327   Thumb Code     0  memseta.o(.text)
    __aeabi_memclr                           0x08000335   Thumb Code     4  memseta.o(.text)
    __aeabi_memclr4                          0x08000335   Thumb Code     0  memseta.o(.text)
    __aeabi_memclr8                          0x08000335   Thumb Code     0  memseta.o(.text)
    _memset$wrapper                          0x08000339   Thumb Code    18  memseta.o(.text)
    __aeabi_llsl                             0x0800034b   Thumb Code    30  llshl.o(.text)
    _ll_shift_l                              0x0800034b   Thumb Code     0  llshl.o(.text)
    __aeabi_llsr                             0x08000369   Thumb Code    32  llushr.o(.text)
    _ll_ushift_r                             0x08000369   Thumb Code     0  llushr.o(.text)
    __I$use$fp                               0x08000389   Thumb Code     0  iusefp.o(.text)
    __scatterload                            0x08000389   Thumb Code    28  init.o(.text)
    __scatterload_rt2                        0x08000389   Thumb Code     0  init.o(.text)
    ADC_IRQHandler                           0x08000431   Thumb Code     6  stm32f4xx_it.o(i.ADC_IRQHandler)
    BusFault_Handler                         0x08000561   Thumb Code     2  stm32f4xx_it.o(i.BusFault_Handler)
    Button_ADC_Data_Handler                  0x08000565   Thumb Code    76  menu_interaction_task.o(i.Button_ADC_Data_Handler)
    CAN1_RX0_IRQHandler                      0x080005b9   Thumb Code     6  stm32f4xx_it.o(i.CAN1_RX0_IRQHandler)
    CAN1_TX_IRQHandler                       0x080005c5   Thumb Code     6  stm32f4xx_it.o(i.CAN1_TX_IRQHandler)
    CAN2_RX0_IRQHandler                      0x080005d1   Thumb Code     6  stm32f4xx_it.o(i.CAN2_RX0_IRQHandler)
    CAN2_RX1_IRQHandler                      0x080005dd   Thumb Code     6  stm32f4xx_it.o(i.CAN2_RX1_IRQHandler)
    CAN2_TX_IRQHandler                       0x080005e9   Thumb Code     6  stm32f4xx_it.o(i.CAN2_TX_IRQHandler)
    DMA1_Stream1_IRQHandler                  0x080005f5   Thumb Code     6  stm32f4xx_it.o(i.DMA1_Stream1_IRQHandler)
    DMA1_Stream3_IRQHandler                  0x08000601   Thumb Code     6  stm32f4xx_it.o(i.DMA1_Stream3_IRQHandler)
    DMA1_Stream5_IRQHandler                  0x0800060d   Thumb Code     6  stm32f4xx_it.o(i.DMA1_Stream5_IRQHandler)
    DMA1_Stream6_IRQHandler                  0x08000619   Thumb Code     6  stm32f4xx_it.o(i.DMA1_Stream6_IRQHandler)
    DMA2_Stream0_IRQHandler                  0x08000625   Thumb Code     6  stm32f4xx_it.o(i.DMA2_Stream0_IRQHandler)
    DMA2_Stream1_IRQHandler                  0x08000631   Thumb Code     6  stm32f4xx_it.o(i.DMA2_Stream1_IRQHandler)
    DMA2_Stream2_IRQHandler                  0x0800063d   Thumb Code     6  stm32f4xx_it.o(i.DMA2_Stream2_IRQHandler)
    Data_Interface_APP                       0x080006ed   Thumb Code    20  menu_interaction_task.o(i.Data_Interface_APP)
    DebugMon_Handler                         0x08000711   Thumb Code     2  stm32f4xx_it.o(i.DebugMon_Handler)
    Foward_go                                0x08000715   Thumb Code   132  task_1.o(i.Foward_go)
    GUI_Fill                                 0x080007c1   Thumb Code    80  gui.o(i.GUI_Fill)
    GUI_ShowCHinese                          0x08000811   Thumb Code   104  gui.o(i.GUI_ShowCHinese)
    GUI_ShowChar                             0x08000879   Thumb Code   210  gui.o(i.GUI_ShowChar)
    GUI_ShowFont16                           0x08000955   Thumb Code   146  gui.o(i.GUI_ShowFont16)
    GUI_ShowFont24                           0x080009ed   Thumb Code   156  gui.o(i.GUI_ShowFont24)
    GUI_ShowFont32                           0x08000a8d   Thumb Code   146  gui.o(i.GUI_ShowFont32)
    GUI_ShowString                           0x08000b25   Thumb Code    82  gui.o(i.GUI_ShowString)
    HAL_ADCEx_InjectedConvCpltCallback       0x08000b77   Thumb Code     2  stm32f4xx_hal_adc_ex.o(i.HAL_ADCEx_InjectedConvCpltCallback)
    HAL_ADC_ConfigChannel                    0x08000b79   Thumb Code   318  stm32f4xx_hal_adc.o(i.HAL_ADC_ConfigChannel)
    HAL_ADC_ConvCpltCallback                 0x08000ccd   Thumb Code     2  stm32f4xx_hal_adc.o(i.HAL_ADC_ConvCpltCallback)
    HAL_ADC_ConvHalfCpltCallback             0x08000ccf   Thumb Code     2  stm32f4xx_hal_adc.o(i.HAL_ADC_ConvHalfCpltCallback)
    HAL_ADC_ErrorCallback                    0x08000cd1   Thumb Code     2  stm32f4xx_hal_adc.o(i.HAL_ADC_ErrorCallback)
    HAL_ADC_IRQHandler                       0x08000cd3   Thumb Code   316  stm32f4xx_hal_adc.o(i.HAL_ADC_IRQHandler)
    HAL_ADC_Init                             0x08000e0f   Thumb Code    84  stm32f4xx_hal_adc.o(i.HAL_ADC_Init)
    HAL_ADC_LevelOutOfWindowCallback         0x08000e63   Thumb Code     2  stm32f4xx_hal_adc.o(i.HAL_ADC_LevelOutOfWindowCallback)
    HAL_ADC_MspInit                          0x08000e65   Thumb Code   124  adc.o(i.HAL_ADC_MspInit)
    HAL_ADC_Start_DMA                        0x08000f05   Thumb Code   228  stm32f4xx_hal_adc.o(i.HAL_ADC_Start_DMA)
    HAL_CAN_ActivateNotification             0x08001005   Thumb Code    40  stm32f4xx_hal_can.o(i.HAL_CAN_ActivateNotification)
    HAL_CAN_AddTxMessage                     0x0800102d   Thumb Code   200  stm32f4xx_hal_can.o(i.HAL_CAN_AddTxMessage)
    HAL_CAN_ConfigFilter                     0x080010f5   Thumb Code   262  stm32f4xx_hal_can.o(i.HAL_CAN_ConfigFilter)
    HAL_CAN_ErrorCallback                    0x08001201   Thumb Code     2  stm32f4xx_hal_can.o(i.HAL_CAN_ErrorCallback)
    HAL_CAN_GetRxMessage                     0x08001203   Thumb Code   250  stm32f4xx_hal_can.o(i.HAL_CAN_GetRxMessage)
    HAL_CAN_GetTxMailboxesFreeLevel          0x080012fd   Thumb Code    48  stm32f4xx_hal_can.o(i.HAL_CAN_GetTxMailboxesFreeLevel)
    HAL_CAN_IRQHandler                       0x0800132d   Thumb Code   508  stm32f4xx_hal_can.o(i.HAL_CAN_IRQHandler)
    HAL_CAN_Init                             0x08001529   Thumb Code   282  stm32f4xx_hal_can.o(i.HAL_CAN_Init)
    HAL_CAN_MspInit                          0x08001645   Thumb Code   216  can.o(i.HAL_CAN_MspInit)
    HAL_CAN_RxFifo0FullCallback              0x08001735   Thumb Code     2  stm32f4xx_hal_can.o(i.HAL_CAN_RxFifo0FullCallback)
    HAL_CAN_RxFifo0MsgPendingCallback        0x08001739   Thumb Code   228  bsp_can.o(i.HAL_CAN_RxFifo0MsgPendingCallback)
    HAL_CAN_RxFifo1FullCallback              0x08001839   Thumb Code     2  stm32f4xx_hal_can.o(i.HAL_CAN_RxFifo1FullCallback)
    HAL_CAN_RxFifo1MsgPendingCallback        0x0800183b   Thumb Code     2  stm32f4xx_hal_can.o(i.HAL_CAN_RxFifo1MsgPendingCallback)
    HAL_CAN_SleepCallback                    0x0800183d   Thumb Code     2  stm32f4xx_hal_can.o(i.HAL_CAN_SleepCallback)
    HAL_CAN_Start                            0x08001841   Thumb Code    88  stm32f4xx_hal_can.o(i.HAL_CAN_Start)
    HAL_CAN_TxMailbox0AbortCallback          0x08001899   Thumb Code     2  stm32f4xx_hal_can.o(i.HAL_CAN_TxMailbox0AbortCallback)
    HAL_CAN_TxMailbox0CompleteCallback       0x0800189b   Thumb Code     2  stm32f4xx_hal_can.o(i.HAL_CAN_TxMailbox0CompleteCallback)
    HAL_CAN_TxMailbox1AbortCallback          0x0800189d   Thumb Code     2  stm32f4xx_hal_can.o(i.HAL_CAN_TxMailbox1AbortCallback)
    HAL_CAN_TxMailbox1CompleteCallback       0x0800189f   Thumb Code     2  stm32f4xx_hal_can.o(i.HAL_CAN_TxMailbox1CompleteCallback)
    HAL_CAN_TxMailbox2AbortCallback          0x080018a1   Thumb Code     2  stm32f4xx_hal_can.o(i.HAL_CAN_TxMailbox2AbortCallback)
    HAL_CAN_TxMailbox2CompleteCallback       0x080018a3   Thumb Code     2  stm32f4xx_hal_can.o(i.HAL_CAN_TxMailbox2CompleteCallback)
    HAL_CAN_WakeUpFromRxMsgCallback          0x080018a5   Thumb Code     2  stm32f4xx_hal_can.o(i.HAL_CAN_WakeUpFromRxMsgCallback)
    HAL_DMA_Abort_IT                         0x080018a7   Thumb Code    36  stm32f4xx_hal_dma.o(i.HAL_DMA_Abort_IT)
    HAL_DMA_IRQHandler                       0x080018cd   Thumb Code   412  stm32f4xx_hal_dma.o(i.HAL_DMA_IRQHandler)
    HAL_DMA_Init                             0x08001a6d   Thumb Code   206  stm32f4xx_hal_dma.o(i.HAL_DMA_Init)
    HAL_DMA_Start                            0x08001b41   Thumb Code    70  stm32f4xx_hal_dma.o(i.HAL_DMA_Start)
    HAL_DMA_Start_IT                         0x08001b87   Thumb Code   120  stm32f4xx_hal_dma.o(i.HAL_DMA_Start_IT)
    HAL_Delay                                0x08001c01   Thumb Code    32  stm32f4xx_hal.o(i.HAL_Delay)
    HAL_GPIO_Init                            0x08001c25   Thumb Code   408  stm32f4xx_hal_gpio.o(i.HAL_GPIO_Init)
    HAL_GPIO_WritePin                        0x08001df1   Thumb Code    10  stm32f4xx_hal_gpio.o(i.HAL_GPIO_WritePin)
    HAL_GetTick                              0x08001dfd   Thumb Code     6  stm32f4xx_hal.o(i.HAL_GetTick)
    HAL_IncTick                              0x08001e09   Thumb Code    12  stm32f4xx_hal.o(i.HAL_IncTick)
    HAL_Init                                 0x08001e19   Thumb Code    48  stm32f4xx_hal.o(i.HAL_Init)
    HAL_InitTick                             0x08001e4d   Thumb Code   100  stm32f4xx_hal_timebase_tim.o(i.HAL_InitTick)
    HAL_MspInit                              0x08001ec1   Thumb Code   126  stm32f4xx_hal_msp.o(i.HAL_MspInit)
    HAL_NVIC_EnableIRQ                       0x08001f45   Thumb Code    22  stm32f4xx_hal_cortex.o(i.HAL_NVIC_EnableIRQ)
    HAL_NVIC_SetPriority                     0x08001f5d   Thumb Code    60  stm32f4xx_hal_cortex.o(i.HAL_NVIC_SetPriority)
    HAL_NVIC_SetPriorityGrouping             0x08001f9d   Thumb Code    26  stm32f4xx_hal_cortex.o(i.HAL_NVIC_SetPriorityGrouping)
    HAL_PWREx_EnableOverDrive                0x08001fc1   Thumb Code    98  stm32f4xx_hal_pwr_ex.o(i.HAL_PWREx_EnableOverDrive)
    HAL_RCC_ClockConfig                      0x08002031   Thumb Code   286  stm32f4xx_hal_rcc.o(i.HAL_RCC_ClockConfig)
    HAL_RCC_GetClockConfig                   0x08002161   Thumb Code    54  stm32f4xx_hal_rcc.o(i.HAL_RCC_GetClockConfig)
    HAL_RCC_GetHCLKFreq                      0x080021a1   Thumb Code     6  stm32f4xx_hal_rcc.o(i.HAL_RCC_GetHCLKFreq)
    HAL_RCC_GetPCLK1Freq                     0x080021ad   Thumb Code    20  stm32f4xx_hal_rcc.o(i.HAL_RCC_GetPCLK1Freq)
    HAL_RCC_GetPCLK2Freq                     0x080021cd   Thumb Code    20  stm32f4xx_hal_rcc.o(i.HAL_RCC_GetPCLK2Freq)
    HAL_RCC_GetSysClockFreq                  0x080021ed   Thumb Code    88  stm32f4xx_hal_rcc.o(i.HAL_RCC_GetSysClockFreq)
    HAL_RCC_OscConfig                        0x08002251   Thumb Code   770  stm32f4xx_hal_rcc.o(i.HAL_RCC_OscConfig)
    HAL_SPI_Init                             0x0800256d   Thumb Code   128  stm32f4xx_hal_spi.o(i.HAL_SPI_Init)
    HAL_SPI_MspInit                          0x080025ed   Thumb Code    82  spi.o(i.HAL_SPI_MspInit)
    HAL_SPI_Transmit                         0x08002651   Thumb Code   360  stm32f4xx_hal_spi.o(i.HAL_SPI_Transmit)
    HAL_SYSTICK_CLKSourceConfig              0x080027b9   Thumb Code    24  stm32f4xx_hal_cortex.o(i.HAL_SYSTICK_CLKSourceConfig)
    HAL_SYSTICK_Config                       0x080027d1   Thumb Code    40  stm32f4xx_hal_cortex.o(i.HAL_SYSTICK_Config)
    HAL_TIMEx_BreakCallback                  0x080027f9   Thumb Code     2  stm32f4xx_hal_tim_ex.o(i.HAL_TIMEx_BreakCallback)
    HAL_TIMEx_CommutationCallback            0x080027fb   Thumb Code     2  stm32f4xx_hal_tim_ex.o(i.HAL_TIMEx_CommutationCallback)
    HAL_TIM_Base_Init                        0x080027fd   Thumb Code    54  stm32f4xx_hal_tim.o(i.HAL_TIM_Base_Init)
    HAL_TIM_Base_MspInit                     0x08002833   Thumb Code     2  stm32f4xx_hal_tim.o(i.HAL_TIM_Base_MspInit)
    HAL_TIM_Base_Start_IT                    0x08002835   Thumb Code    24  stm32f4xx_hal_tim.o(i.HAL_TIM_Base_Start_IT)
    HAL_TIM_IC_CaptureCallback               0x0800284d   Thumb Code     2  stm32f4xx_hal_tim.o(i.HAL_TIM_IC_CaptureCallback)
    HAL_TIM_IRQHandler                       0x0800284f   Thumb Code   358  stm32f4xx_hal_tim.o(i.HAL_TIM_IRQHandler)
    HAL_TIM_OC_DelayElapsedCallback          0x080029b5   Thumb Code     2  stm32f4xx_hal_tim.o(i.HAL_TIM_OC_DelayElapsedCallback)
    HAL_TIM_PWM_PulseFinishedCallback        0x080029b7   Thumb Code     2  stm32f4xx_hal_tim.o(i.HAL_TIM_PWM_PulseFinishedCallback)
    HAL_TIM_PeriodElapsedCallback            0x080029b9   Thumb Code    14  main.o(i.HAL_TIM_PeriodElapsedCallback)
    HAL_TIM_TriggerCallback                  0x080029cd   Thumb Code     2  stm32f4xx_hal_tim.o(i.HAL_TIM_TriggerCallback)
    HAL_UART_ErrorCallback                   0x080029cf   Thumb Code     2  stm32f4xx_hal_uart.o(i.HAL_UART_ErrorCallback)
    HAL_UART_IRQHandler                      0x080029d1   Thumb Code   266  stm32f4xx_hal_uart.o(i.HAL_UART_IRQHandler)
    HAL_UART_Init                            0x08002ae1   Thumb Code    98  stm32f4xx_hal_uart.o(i.HAL_UART_Init)
    HAL_UART_MspInit                         0x08002b45   Thumb Code   716  usart.o(i.HAL_UART_MspInit)
    HAL_UART_RxCpltCallback                  0x08002e61   Thumb Code     2  stm32f4xx_hal_uart.o(i.HAL_UART_RxCpltCallback)
    HAL_UART_TxCpltCallback                  0x08002e63   Thumb Code     2  stm32f4xx_hal_uart.o(i.HAL_UART_TxCpltCallback)
    HardFault_Handler                        0x08002e65   Thumb Code     2  stm32f4xx_it.o(i.HardFault_Handler)
    Interface_switch                         0x08002e69   Thumb Code   474  menu_interaction_task.o(i.Interface_switch)
    MX_ADC1_Init                             0x08003051   Thumb Code    86  adc.o(i.MX_ADC1_Init)
    MX_CAN1_Init                             0x080030c5   Thumb Code    64  can.o(i.MX_CAN1_Init)
    MX_CAN2_Init                             0x0800311d   Thumb Code    68  can.o(i.MX_CAN2_Init)
    MX_DMA_Init                              0x08003179   Thumb Code   152  dma.o(i.MX_DMA_Init)
    MX_FREERTOS_Init                         0x08003215   Thumb Code   150  freertos.o(i.MX_FREERTOS_Init)
    MX_GPIO_Init                             0x080032b5   Thumb Code   226  gpio.o(i.MX_GPIO_Init)
    MX_SPI1_Init                             0x080033a9   Thumb Code    64  spi.o(i.MX_SPI1_Init)
    MX_UART7_Init                            0x08003401   Thumb Code    52  usart.o(i.MX_UART7_Init)
    MX_UART8_Init                            0x0800344d   Thumb Code    52  usart.o(i.MX_UART8_Init)
    MX_USART1_UART_Init                      0x08003499   Thumb Code    50  usart.o(i.MX_USART1_UART_Init)
    MX_USART2_UART_Init                      0x080034e9   Thumb Code    52  usart.o(i.MX_USART2_UART_Init)
    MX_USART3_UART_Init                      0x08003535   Thumb Code    52  usart.o(i.MX_USART3_UART_Init)
    MX_USART6_UART_Init                      0x08003581   Thumb Code    52  usart.o(i.MX_USART6_UART_Init)
    Main_Interface_APP                       0x080035cd   Thumb Code    34  menu_interaction_task.o(i.Main_Interface_APP)
    MemManage_Handler                        0x08003601   Thumb Code     2  stm32f4xx_it.o(i.MemManage_Handler)
    NMI_Handler                              0x08003603   Thumb Code     2  stm32f4xx_it.o(i.NMI_Handler)
    OLED_Clear                               0x08003625   Thumb Code    32  oled.o(i.OLED_Clear)
    OLED_Display                             0x08003649   Thumb Code    70  oled.o(i.OLED_Display)
    OLED_Init                                0x08003695   Thumb Code   206  oled.o(i.OLED_Init)
    OLED_Reset                               0x08003769   Thumb Code    52  oled.o(i.OLED_Reset)
    OLED_Set_Pixel                           0x080037a1   Thumb Code    32  oled.o(i.OLED_Set_Pixel)
    OLED_WR_Byte                             0x080037c5   Thumb Code    64  oled.o(i.OLED_WR_Byte)
    PID_struct_init                          0x08003811   Thumb Code    16  pid.o(i.PID_struct_init)
    StartDefaultTask                         0x080038df   Thumb Code     8  freertos.o(i.StartDefaultTask)
    SysTick_Handler                          0x080038e7   Thumb Code     4  stm32f4xx_it.o(i.SysTick_Handler)
    SystemClock_Config                       0x080038ed   Thumb Code   158  main.o(i.SystemClock_Config)
    SystemInit                               0x08003995   Thumb Code    66  system_stm32f4xx.o(i.SystemInit)
    TIM1_UP_TIM10_IRQHandler                 0x080039e9   Thumb Code     6  stm32f4xx_it.o(i.TIM1_UP_TIM10_IRQHandler)
    TIM_Base_SetConfig                       0x080039f5   Thumb Code   148  stm32f4xx_hal_tim.o(i.TIM_Base_SetConfig)
    Task_1_param_init                        0x08003ab5   Thumb Code    38  task_1.o(i.Task_1_param_init)
    Task_No_1                                0x08003aed   Thumb Code   150  task_1.o(i.Task_No_1)
    UART7_IRQHandler                         0x08003ba9   Thumb Code    18  stm32f4xx_it.o(i.UART7_IRQHandler)
    UART8_IRQHandler                         0x08003bc1   Thumb Code    18  stm32f4xx_it.o(i.UART8_IRQHandler)
    USART1_IRQHandler                        0x08003fa1   Thumb Code    18  stm32f4xx_it.o(i.USART1_IRQHandler)
    USART2_IRQHandler                        0x08003fb9   Thumb Code    18  stm32f4xx_it.o(i.USART2_IRQHandler)
    USART3_IRQHandler                        0x08003fd1   Thumb Code    18  stm32f4xx_it.o(i.USART3_IRQHandler)
    USART6_IRQHandler                        0x08003fe9   Thumb Code    18  stm32f4xx_it.o(i.USART6_IRQHandler)
    UsageFault_Handler                       0x08004001   Thumb Code     2  stm32f4xx_it.o(i.UsageFault_Handler)
    _Error_Handler                           0x08004003   Thumb Code     2  main.o(i._Error_Handler)
    __ARM_fpclassifyf                        0x08004005   Thumb Code    38  fpclassifyf.o(i.__ARM_fpclassifyf)
    __hardfp_asinf                           0x0800402d   Thumb Code   258  asinf.o(i.__hardfp_asinf)
    __hardfp_atan2f                          0x08004159   Thumb Code   502  atan2f.o(i.__hardfp_atan2f)
    __mathlib_flt_infnan                     0x080043a9   Thumb Code     6  funder.o(i.__mathlib_flt_infnan)
    __mathlib_flt_infnan2                    0x080043af   Thumb Code     6  funder.o(i.__mathlib_flt_infnan2)
    __mathlib_flt_invalid                    0x080043b5   Thumb Code    10  funder.o(i.__mathlib_flt_invalid)
    __mathlib_flt_underflow                  0x080043c5   Thumb Code    10  funder.o(i.__mathlib_flt_underflow)
    __scatterload_copy                       0x080043d5   Thumb Code    14  handlers.o(i.__scatterload_copy)
    __scatterload_null                       0x080043e3   Thumb Code     2  handlers.o(i.__scatterload_null)
    __scatterload_zeroinit                   0x080043e5   Thumb Code    14  handlers.o(i.__scatterload_zeroinit)
    __set_errno                              0x080043f5   Thumb Code     6  errno.o(i.__set_errno)
    abs_limit                                0x08004401   Thumb Code    42  pid.o(i.abs_limit)
    can_device_init                          0x0800442d   Thumb Code    44  bsp_can.o(i.can_device_init)
    can_msg_send_task                        0x08004461   Thumb Code    54  comm_task.o(i.can_msg_send_task)
    chassis_init                             0x0800449d   Thumb Code   100  chassis_task.o(i.chassis_init)
    chassis_task                             0x08004519   Thumb Code   316  chassis_task.o(i.chassis_task)
    circle_error                             0x08004685   Thumb Code    86  data_processing.o(i.circle_error)
    encoder_data_handler                     0x080046e1   Thumb Code    74  bsp_can.o(i.encoder_data_handler)
    get_moto_offset                          0x08004731   Thumb Code    12  bsp_can.o(i.get_moto_offset)
    imu_datahandler                          0x08004741   Thumb Code   802  imu_task.o(i.imu_datahandler)
    main                                     0x08004aa9   Thumb Code   140  main.o(i.main)
    manipulator_control                      0x08004b45   Thumb Code   174  manipulator_task.o(i.manipulator_control)
    manipulator_param_init                   0x08004c21   Thumb Code   118  manipulator_task.o(i.manipulator_param_init)
    manipulator_task                         0x08004cb5   Thumb Code   118  manipulator_task.o(i.manipulator_task)
    mecanum_calc                             0x08004d41   Thumb Code   214  chassis_task.o(i.mecanum_calc)
    menu_switch_task                         0x08004e25   Thumb Code  1194  menu_interaction_task.o(i.menu_switch_task)
    mode_switch_task                         0x080052e1   Thumb Code    66  modeswitch_task.o(i.mode_switch_task)
    my_can_filter_init_recv_all              0x08005335   Thumb Code    76  bsp_can.o(i.my_can_filter_init_recv_all)
    normal_calcu                             0x08005385   Thumb Code   172  manipulator_task.o(i.normal_calcu)
    osDelay                                  0x08005459   Thumb Code    14  cmsis_os.o(i.osDelay)
    osDelayUntil                             0x08005467   Thumb Code    14  cmsis_os.o(i.osDelayUntil)
    osKernelStart                            0x08005475   Thumb Code    10  cmsis_os.o(i.osKernelStart)
    osKernelSysTick                          0x0800547f   Thumb Code    24  cmsis_os.o(i.osKernelSysTick)
    osSignalSet                              0x08005499   Thumb Code    86  cmsis_os.o(i.osSignalSet)
    osSignalWait                             0x080054f5   Thumb Code    86  cmsis_os.o(i.osSignalWait)
    osSystickHandler                         0x0800554b   Thumb Code    20  cmsis_os.o(i.osSystickHandler)
    osThreadCreate                           0x0800555f   Thumb Code    46  cmsis_os.o(i.osThreadCreate)
    osTimerCreate                            0x0800558d   Thumb Code    30  cmsis_os.o(i.osTimerCreate)
    osTimerStart                             0x080055b1   Thumb Code    88  cmsis_os.o(i.osTimerStart)
    pid_calc                                 0x0800560d   Thumb Code   448  pid.o(i.pid_calc)
    pvPortMalloc                             0x08005ee9   Thumb Code   210  heap_4.o(i.pvPortMalloc)
    pvTaskIncrementMutexHeldCount            0x08005fc1   Thumb Code    18  tasks.o(i.pvTaskIncrementMutexHeldCount)
    pxPortInitialiseStack                    0x08005fd9   Thumb Code    40  port.o(i.pxPortInitialiseStack)
    ramp_calc                                0x08006005   Thumb Code    60  data_processing.o(i.ramp_calc)
    rc_callback_handler                      0x08006041   Thumb Code   142  remote_msg.o(i.rc_callback_handler)
    send_chassis_cur                         0x080060d1   Thumb Code    74  bsp_can.o(i.send_chassis_cur)
    send_chassis_motor_ctrl_message          0x08006129   Thumb Code    20  comm_task.o(i.send_chassis_motor_ctrl_message)
    send_manipulator_cur                     0x0800613d   Thumb Code    74  bsp_can.o(i.send_manipulator_cur)
    send_manipulator_motor_ctrl_message      0x08006195   Thumb Code     8  comm_task.o(i.send_manipulator_motor_ctrl_message)
    sqrtf                                    0x0800619d   Thumb Code    62  sqrtf.o(i.sqrtf)
    tof_data_decoding                        0x080061dd   Thumb Code   652  bsp_uart.o(i.tof_data_decoding)
    uart_init                                0x0800648d   Thumb Code   182  bsp_uart.o(i.uart_init)
    uart_receive_handler                     0x080065a5   Thumb Code   130  bsp_uart.o(i.uart_receive_handler)
    uxListRemove                             0x08006801   Thumb Code    36  list.o(i.uxListRemove)
    vListInitialise                          0x08006825   Thumb Code    22  list.o(i.vListInitialise)
    vListInitialiseItem                      0x0800683b   Thumb Code     6  list.o(i.vListInitialiseItem)
    vListInsert                              0x08006841   Thumb Code    48  list.o(i.vListInsert)
    vListInsertEnd                           0x08006871   Thumb Code    24  list.o(i.vListInsertEnd)
    vPortEnterCritical                       0x08006889   Thumb Code    54  port.o(i.vPortEnterCritical)
    vPortExitCritical                        0x080068c9   Thumb Code    34  port.o(i.vPortExitCritical)
    vPortFree                                0x080068f1   Thumb Code    88  heap_4.o(i.vPortFree)
    vPortSetupTimerInterrupt                 0x0800694d   Thumb Code    26  port.o(i.vPortSetupTimerInterrupt)
    vPortValidateInterruptPriority           0x0800696d   Thumb Code    74  port.o(i.vPortValidateInterruptPriority)
    vQueueAddToRegistry                      0x080069c1   Thumb Code    34  queue.o(i.vQueueAddToRegistry)
    vQueueWaitForMessageRestricted           0x080069e9   Thumb Code    68  queue.o(i.vQueueWaitForMessageRestricted)
    vTaskDelay                               0x08006a2d   Thumb Code    66  tasks.o(i.vTaskDelay)
    vTaskDelayUntil                          0x08006a79   Thumb Code   132  tasks.o(i.vTaskDelayUntil)
    vTaskMissedYield                         0x08006b05   Thumb Code     8  tasks.o(i.vTaskMissedYield)
    vTaskPlaceOnEventList                    0x08006b11   Thumb Code    44  tasks.o(i.vTaskPlaceOnEventList)
    vTaskPlaceOnEventListRestricted          0x08006b41   Thumb Code    52  tasks.o(i.vTaskPlaceOnEventListRestricted)
    vTaskPriorityInherit                     0x08006b79   Thumb Code   124  tasks.o(i.vTaskPriorityInherit)
    vTaskSetTimeOutState                     0x08006bfd   Thumb Code    30  tasks.o(i.vTaskSetTimeOutState)
    vTaskStartScheduler                      0x08006c21   Thumb Code    94  tasks.o(i.vTaskStartScheduler)
    vTaskSuspendAll                          0x08006c91   Thumb Code    10  tasks.o(i.vTaskSuspendAll)
    vTaskSwitchContext                       0x08006ca1   Thumb Code    82  tasks.o(i.vTaskSwitchContext)
    vision_message                           0x08006cfd   Thumb Code   132  visionfire_task.o(i.vision_message)
    xPortStartScheduler                      0x08006d89   Thumb Code   202  port.o(i.xPortStartScheduler)
    xPortSysTickHandler                      0x08006e69   Thumb Code    38  port.o(i.xPortSysTickHandler)
    xQueueGenericCreate                      0x08006e95   Thumb Code    72  queue.o(i.xQueueGenericCreate)
    xQueueGenericReceive                     0x08006edd   Thumb Code   360  queue.o(i.xQueueGenericReceive)
    xQueueGenericReset                       0x08007049   Thumb Code   132  queue.o(i.xQueueGenericReset)
    xQueueGenericSend                        0x080070d1   Thumb Code   346  queue.o(i.xQueueGenericSend)
    xQueueGenericSendFromISR                 0x08007231   Thumb Code   188  queue.o(i.xQueueGenericSendFromISR)
    xTaskCheckForTimeOut                     0x080072ed   Thumb Code   102  tasks.o(i.xTaskCheckForTimeOut)
    xTaskCreate                              0x08007359   Thumb Code    86  tasks.o(i.xTaskCreate)
    xTaskGenericNotify                       0x080073b1   Thumb Code   190  tasks.o(i.xTaskGenericNotify)
    xTaskGenericNotifyFromISR                0x0800747d   Thumb Code   232  tasks.o(i.xTaskGenericNotifyFromISR)
    xTaskGetSchedulerState                   0x0800756d   Thumb Code    22  tasks.o(i.xTaskGetSchedulerState)
    xTaskGetTickCount                        0x08007589   Thumb Code     6  tasks.o(i.xTaskGetTickCount)
    xTaskGetTickCountFromISR                 0x08007595   Thumb Code    12  tasks.o(i.xTaskGetTickCountFromISR)
    xTaskIncrementTick                       0x080075a5   Thumb Code   192  tasks.o(i.xTaskIncrementTick)
    xTaskNotifyWait                          0x0800766d   Thumb Code   130  tasks.o(i.xTaskNotifyWait)
    xTaskPriorityDisinherit                  0x080076f9   Thumb Code   144  tasks.o(i.xTaskPriorityDisinherit)
    xTaskRemoveFromEventList                 0x08007791   Thumb Code   108  tasks.o(i.xTaskRemoveFromEventList)
    xTaskResumeAll                           0x08007805   Thumb Code   182  tasks.o(i.xTaskResumeAll)
    xTimerCreate                             0x080078c9   Thumb Code    78  timers.o(i.xTimerCreate)
    xTimerCreateTimerTask                    0x08007919   Thumb Code    56  timers.o(i.xTimerCreateTimerTask)
    xTimerGenericCommand                     0x08007961   Thumb Code    92  timers.o(i.xTimerGenericCommand)
    F6x8                                     0x08007a0c   Data         760  gui.o(.constdata)
    F8X16                                    0x08007d04   Data        1520  gui.o(.constdata)
    cfont16                                  0x080082f4   Data         170  gui.o(.constdata)
    cfont24                                  0x0800839e   Data         222  gui.o(.constdata)
    cfont32                                  0x0800847c   Data         780  gui.o(.constdata)
    AHBPrescTable                            0x08008788   Data          16  system_stm32f4xx.o(.constdata)
    APBPrescTable                            0x08008798   Data           8  system_stm32f4xx.o(.constdata)
    Region$$Table$$Base                      0x080087c8   Number         0  anon$$obj.o(Region$$Table)
    Region$$Table$$Limit                     0x080087e8   Number         0  anon$$obj.o(Region$$Table)
    can_msg_send_task_t                      0x20000004   Data           4  freertos.o(.data)
    mode_sw_task_t                           0x20000008   Data           4  freertos.o(.data)
    chassis_timer_id                         0x2000000c   Data           4  freertos.o(.data)
    manipulator_timer_id                     0x20000010   Data           4  freertos.o(.data)
    menu_timer_id                            0x20000014   Data           4  freertos.o(.data)
    task_1_timer_id                          0x20000018   Data           4  freertos.o(.data)
    defaultTaskHandle                        0x2000001c   Data           4  freertos.o(.data)
    pit_ecd_limit_flag                       0x20000020   Data           1  manipulator_task.o(.data)
    ctrl_mode                                0x20000021   Data           1  modeswitch_task.o(.data)
    Button                                   0x20000022   Data           1  menu_interaction_task.o(.data)
    button_adc_value                         0x20000024   Data           2  menu_interaction_task.o(.data)
    error_count                              0x20000026   Data           2  visionfire_task.o(.data)
    imu_can_data                             0x20000028   Data           8  imu_task.o(.data)
    can_tx_data                              0x20000031   Data           8  bsp_can.o(.data)
    RxData                                   0x20000039   Data           8  bsp_can.o(.data)
    CAN2_Rx_Data                             0x20000041   Data           8  bsp_can.o(.data)
    vision_buf                               0x20000049   Data           8  bsp_uart.o(.data)
    forward_tof_rxbuf                        0x20000051   Data           8  bsp_uart.o(.data)
    back_tof_rxbuf                           0x20000059   Data           8  bsp_uart.o(.data)
    left_tof_rxbuf                           0x20000061   Data           8  bsp_uart.o(.data)
    right_tof_rxbuf                          0x20000069   Data           8  bsp_uart.o(.data)
    SystemCoreClock                          0x20000074   Data           4  system_stm32f4xx.o(.data)
    uwTickFreq                               0x20000078   Data           1  stm32f4xx_hal.o(.data)
    uwTickPrio                               0x2000007c   Data           4  stm32f4xx_hal.o(.data)
    uwTick                                   0x20000080   Data           4  stm32f4xx_hal.o(.data)
    pxCurrentTCB                             0x200000a8   Data           4  tasks.o(.data)
    hadc1                                    0x200000fc   Data          72  adc.o(.bss)
    hdma_adc1                                0x20000144   Data          96  adc.o(.bss)
    hcan1                                    0x200001a4   Data          40  can.o(.bss)
    hcan2                                    0x200001cc   Data          40  can.o(.bss)
    hspi1                                    0x200001f4   Data          88  spi.o(.bss)
    huart7                                   0x2000024c   Data          64  usart.o(.bss)
    huart8                                   0x2000028c   Data          64  usart.o(.bss)
    huart1                                   0x200002cc   Data          64  usart.o(.bss)
    huart2                                   0x2000030c   Data          64  usart.o(.bss)
    huart3                                   0x2000034c   Data          64  usart.o(.bss)
    huart6                                   0x2000038c   Data          64  usart.o(.bss)
    hdma_uart7_rx                            0x200003cc   Data          96  usart.o(.bss)
    hdma_uart8_rx                            0x2000042c   Data          96  usart.o(.bss)
    hdma_usart1_rx                           0x2000048c   Data          96  usart.o(.bss)
    hdma_usart2_rx                           0x200004ec   Data          96  usart.o(.bss)
    hdma_usart3_rx                           0x2000054c   Data          96  usart.o(.bss)
    hdma_usart6_rx                           0x200005ac   Data          96  usart.o(.bss)
    htim10                                   0x2000060c   Data          60  stm32f4xx_hal_timebase_tim.o(.bss)
    chassis                                  0x20000648   Data          48  chassis_task.o(.bss)
    manipulator                              0x20000678   Data         156  manipulator_task.o(.bss)
    Mark_Sign                                0x20000714   Data          36  menu_interaction_task.o(.bss)
    vision_msg                               0x20000738   Data          12  visionfire_task.o(.bss)
    kal_yaw                                  0x20000744   Data          36  visionfire_task.o(.bss)
    imu                                      0x20000768   Data          36  imu_task.o(.bss)
    rm_imu_data                              0x2000078c   Data         112  imu_task.o(.bss)
    task_1                                   0x200007fc   Data          16  task_1.o(.bss)
    moto_chassis                             0x2000080c   Data         240  bsp_can.o(.bss)
    moto_manipulator_2006                    0x200008fc   Data          60  bsp_can.o(.bss)
    moto_manipulator_6020                    0x20000938   Data          60  bsp_can.o(.bss)
    Tx1Message                               0x20000974   Data          24  bsp_can.o(.bss)
    Rx1Message                               0x2000098c   Data          28  bsp_can.o(.bss)
    Rx2Message                               0x200009a8   Data          28  bsp_can.o(.bss)
    dbus_buf                                 0x200009c4   Data          18  bsp_uart.o(.bss)
    tof                                      0x200009d6   Data          16  bsp_uart.o(.bss)
    motor_cur                                0x20000de6   Data          12  comm_task.o(.bss)
    pid_spd                                  0x20000df4   Data         432  pid.o(.bss)
    pid_chassis_angle                        0x20000fa4   Data         108  pid.o(.bss)
    pid_pit_ecd                              0x20001010   Data         108  pid.o(.bss)
    pid_pit_spd                              0x2000107c   Data         108  pid.o(.bss)
    pid_2006_spd                             0x200010e8   Data         108  pid.o(.bss)
    pid_tof_left                             0x20001154   Data         108  pid.o(.bss)
    rc                                       0x200011c0   Data          20  remote_msg.o(.bss)
    chassis_x_ramp                           0x200011d4   Data          20  data_processing.o(.bss)
    xQueueRegistry                           0x20004de8   Data          64  queue.o(.bss)
    __initial_sp                             0x20005340   Data           0  startup_stm32f427xx.o(STACK)



==============================================================================

Memory Map of the image

  Image Entry point : 0x080001ad

  Load Region LR_IROM1 (Base: 0x08000000, Size: 0x000088e4, Max: 0x00200000, ABSOLUTE)

    Execution Region ER_IROM1 (Exec base: 0x08000000, Load base: 0x08000000, Size: 0x000087e8, Max: 0x00200000, ABSOLUTE)

    Exec Addr    Load Addr    Size         Type   Attr      Idx    E Section Name        Object

    0x08000000   0x08000000   0x000001ac   Data   RO         1800    RESET               startup_stm32f427xx.o
    0x080001ac   0x080001ac   0x00000000   Code   RO         6160  * .ARM.Collect$$$$00000000  mc_w.l(entry.o)
    0x080001ac   0x080001ac   0x00000004   Code   RO         6199    .ARM.Collect$$$$00000001  mc_w.l(entry2.o)
    0x080001b0   0x080001b0   0x00000004   Code   RO         6202    .ARM.Collect$$$$00000004  mc_w.l(entry5.o)
    0x080001b4   0x080001b4   0x00000000   Code   RO         6204    .ARM.Collect$$$$00000008  mc_w.l(entry7b.o)
    0x080001b4   0x080001b4   0x00000000   Code   RO         6206    .ARM.Collect$$$$0000000A  mc_w.l(entry8b.o)
    0x080001b4   0x080001b4   0x00000008   Code   RO         6207    .ARM.Collect$$$$0000000B  mc_w.l(entry9a.o)
    0x080001bc   0x080001bc   0x00000000   Code   RO         6209    .ARM.Collect$$$$0000000D  mc_w.l(entry10a.o)
    0x080001bc   0x080001bc   0x00000000   Code   RO         6211    .ARM.Collect$$$$0000000F  mc_w.l(entry11a.o)
    0x080001bc   0x080001bc   0x00000004   Code   RO         6200    .ARM.Collect$$$$00002712  mc_w.l(entry2.o)
    0x080001c0   0x080001c0   0x000000ba   Code   RO         5021    .emb_text           port.o
    0x0800027a   0x0800027a   0x00000002   PAD
    0x0800027c   0x0800027c   0x00000024   Code   RO         1801    .text               startup_stm32f427xx.o
    0x080002a0   0x080002a0   0x00000062   Code   RO         6163    .text               mc_w.l(uldiv.o)
    0x08000302   0x08000302   0x00000024   Code   RO         6165    .text               mc_w.l(memcpya.o)
    0x08000326   0x08000326   0x00000024   Code   RO         6167    .text               mc_w.l(memseta.o)
    0x0800034a   0x0800034a   0x0000001e   Code   RO         6213    .text               mc_w.l(llshl.o)
    0x08000368   0x08000368   0x00000020   Code   RO         6215    .text               mc_w.l(llushr.o)
    0x08000388   0x08000388   0x00000000   Code   RO         6224    .text               mc_w.l(iusefp.o)
    0x08000388   0x08000388   0x00000024   Code   RO         6225    .text               mc_w.l(init.o)
    0x080003ac   0x080003ac   0x00000062   Code   RO         1808    i.ADC_DMAConvCplt   stm32f4xx_hal_adc.o
    0x0800040e   0x0800040e   0x00000016   Code   RO         1809    i.ADC_DMAError      stm32f4xx_hal_adc.o
    0x08000424   0x08000424   0x0000000a   Code   RO         1810    i.ADC_DMAHalfConvCplt  stm32f4xx_hal_adc.o
    0x0800042e   0x0800042e   0x00000002   PAD
    0x08000430   0x08000430   0x0000000c   Code   RO          570    i.ADC_IRQHandler    stm32f4xx_it.o
    0x0800043c   0x0800043c   0x00000124   Code   RO         1811    i.ADC_Init          stm32f4xx_hal_adc.o
    0x08000560   0x08000560   0x00000002   Code   RO          571    i.BusFault_Handler  stm32f4xx_it.o
    0x08000562   0x08000562   0x00000002   PAD
    0x08000564   0x08000564   0x00000054   Code   RO         1025    i.Button_ADC_Data_Handler  menu_interaction_task.o
    0x080005b8   0x080005b8   0x0000000c   Code   RO          572    i.CAN1_RX0_IRQHandler  stm32f4xx_it.o
    0x080005c4   0x080005c4   0x0000000c   Code   RO          573    i.CAN1_TX_IRQHandler  stm32f4xx_it.o
    0x080005d0   0x080005d0   0x0000000c   Code   RO          574    i.CAN2_RX0_IRQHandler  stm32f4xx_it.o
    0x080005dc   0x080005dc   0x0000000c   Code   RO          575    i.CAN2_RX1_IRQHandler  stm32f4xx_it.o
    0x080005e8   0x080005e8   0x0000000c   Code   RO          576    i.CAN2_TX_IRQHandler  stm32f4xx_it.o
    0x080005f4   0x080005f4   0x0000000c   Code   RO          577    i.DMA1_Stream1_IRQHandler  stm32f4xx_it.o
    0x08000600   0x08000600   0x0000000c   Code   RO          578    i.DMA1_Stream3_IRQHandler  stm32f4xx_it.o
    0x0800060c   0x0800060c   0x0000000c   Code   RO          579    i.DMA1_Stream5_IRQHandler  stm32f4xx_it.o
    0x08000618   0x08000618   0x0000000c   Code   RO          580    i.DMA1_Stream6_IRQHandler  stm32f4xx_it.o
    0x08000624   0x08000624   0x0000000c   Code   RO          581    i.DMA2_Stream0_IRQHandler  stm32f4xx_it.o
    0x08000630   0x08000630   0x0000000c   Code   RO          582    i.DMA2_Stream1_IRQHandler  stm32f4xx_it.o
    0x0800063c   0x0800063c   0x0000000c   Code   RO          583    i.DMA2_Stream2_IRQHandler  stm32f4xx_it.o
    0x08000648   0x08000648   0x00000028   Code   RO         4341    i.DMA_CalcBaseAndBitshift  stm32f4xx_hal_dma.o
    0x08000670   0x08000670   0x00000054   Code   RO         4342    i.DMA_CheckFifoParam  stm32f4xx_hal_dma.o
    0x080006c4   0x080006c4   0x00000028   Code   RO         4343    i.DMA_SetConfig     stm32f4xx_hal_dma.o
    0x080006ec   0x080006ec   0x00000024   Code   RO         1026    i.Data_Interface_APP  menu_interaction_task.o
    0x08000710   0x08000710   0x00000002   Code   RO          584    i.DebugMon_Handler  stm32f4xx_it.o
    0x08000712   0x08000712   0x00000002   PAD
    0x08000714   0x08000714   0x000000ac   Code   RO         1179    i.Foward_go         task_1.o
    0x080007c0   0x080007c0   0x00000050   Code   RO         1455    i.GUI_Fill          gui.o
    0x08000810   0x08000810   0x00000068   Code   RO         1459    i.GUI_ShowCHinese   gui.o
    0x08000878   0x08000878   0x000000dc   Code   RO         1460    i.GUI_ShowChar      gui.o
    0x08000954   0x08000954   0x00000098   Code   RO         1461    i.GUI_ShowFont16    gui.o
    0x080009ec   0x080009ec   0x000000a0   Code   RO         1462    i.GUI_ShowFont24    gui.o
    0x08000a8c   0x08000a8c   0x00000098   Code   RO         1463    i.GUI_ShowFont32    gui.o
    0x08000b24   0x08000b24   0x00000052   Code   RO         1465    i.GUI_ShowString    gui.o
    0x08000b76   0x08000b76   0x00000002   Code   RO         1982    i.HAL_ADCEx_InjectedConvCpltCallback  stm32f4xx_hal_adc_ex.o
    0x08000b78   0x08000b78   0x00000154   Code   RO         1813    i.HAL_ADC_ConfigChannel  stm32f4xx_hal_adc.o
    0x08000ccc   0x08000ccc   0x00000002   Code   RO         1814    i.HAL_ADC_ConvCpltCallback  stm32f4xx_hal_adc.o
    0x08000cce   0x08000cce   0x00000002   Code   RO         1815    i.HAL_ADC_ConvHalfCpltCallback  stm32f4xx_hal_adc.o
    0x08000cd0   0x08000cd0   0x00000002   Code   RO         1817    i.HAL_ADC_ErrorCallback  stm32f4xx_hal_adc.o
    0x08000cd2   0x08000cd2   0x0000013c   Code   RO         1821    i.HAL_ADC_IRQHandler  stm32f4xx_hal_adc.o
    0x08000e0e   0x08000e0e   0x00000054   Code   RO         1822    i.HAL_ADC_Init      stm32f4xx_hal_adc.o
    0x08000e62   0x08000e62   0x00000002   Code   RO         1823    i.HAL_ADC_LevelOutOfWindowCallback  stm32f4xx_hal_adc.o
    0x08000e64   0x08000e64   0x000000a0   Code   RO          277    i.HAL_ADC_MspInit   adc.o
    0x08000f04   0x08000f04   0x00000100   Code   RO         1829    i.HAL_ADC_Start_DMA  stm32f4xx_hal_adc.o
    0x08001004   0x08001004   0x00000028   Code   RO         2084    i.HAL_CAN_ActivateNotification  stm32f4xx_hal_can.o
    0x0800102c   0x0800102c   0x000000c8   Code   RO         2085    i.HAL_CAN_AddTxMessage  stm32f4xx_hal_can.o
    0x080010f4   0x080010f4   0x0000010c   Code   RO         2086    i.HAL_CAN_ConfigFilter  stm32f4xx_hal_can.o
    0x08001200   0x08001200   0x00000002   Code   RO         2089    i.HAL_CAN_ErrorCallback  stm32f4xx_hal_can.o
    0x08001202   0x08001202   0x000000fa   Code   RO         2092    i.HAL_CAN_GetRxMessage  stm32f4xx_hal_can.o
    0x080012fc   0x080012fc   0x00000030   Code   RO         2094    i.HAL_CAN_GetTxMailboxesFreeLevel  stm32f4xx_hal_can.o
    0x0800132c   0x0800132c   0x000001fc   Code   RO         2096    i.HAL_CAN_IRQHandler  stm32f4xx_hal_can.o
    0x08001528   0x08001528   0x0000011a   Code   RO         2097    i.HAL_CAN_Init      stm32f4xx_hal_can.o
    0x08001642   0x08001642   0x00000002   PAD
    0x08001644   0x08001644   0x000000f0   Code   RO          319    i.HAL_CAN_MspInit   can.o
    0x08001734   0x08001734   0x00000002   Code   RO         2104    i.HAL_CAN_RxFifo0FullCallback  stm32f4xx_hal_can.o
    0x08001736   0x08001736   0x00000002   PAD
    0x08001738   0x08001738   0x00000100   Code   RO         1226    i.HAL_CAN_RxFifo0MsgPendingCallback  bsp_can.o
    0x08001838   0x08001838   0x00000002   Code   RO         2106    i.HAL_CAN_RxFifo1FullCallback  stm32f4xx_hal_can.o
    0x0800183a   0x0800183a   0x00000002   Code   RO         2107    i.HAL_CAN_RxFifo1MsgPendingCallback  stm32f4xx_hal_can.o
    0x0800183c   0x0800183c   0x00000002   Code   RO         2108    i.HAL_CAN_SleepCallback  stm32f4xx_hal_can.o
    0x0800183e   0x0800183e   0x00000002   PAD
    0x08001840   0x08001840   0x00000058   Code   RO         2109    i.HAL_CAN_Start     stm32f4xx_hal_can.o
    0x08001898   0x08001898   0x00000002   Code   RO         2111    i.HAL_CAN_TxMailbox0AbortCallback  stm32f4xx_hal_can.o
    0x0800189a   0x0800189a   0x00000002   Code   RO         2112    i.HAL_CAN_TxMailbox0CompleteCallback  stm32f4xx_hal_can.o
    0x0800189c   0x0800189c   0x00000002   Code   RO         2113    i.HAL_CAN_TxMailbox1AbortCallback  stm32f4xx_hal_can.o
    0x0800189e   0x0800189e   0x00000002   Code   RO         2114    i.HAL_CAN_TxMailbox1CompleteCallback  stm32f4xx_hal_can.o
    0x080018a0   0x080018a0   0x00000002   Code   RO         2115    i.HAL_CAN_TxMailbox2AbortCallback  stm32f4xx_hal_can.o
    0x080018a2   0x080018a2   0x00000002   Code   RO         2116    i.HAL_CAN_TxMailbox2CompleteCallback  stm32f4xx_hal_can.o
    0x080018a4   0x080018a4   0x00000002   Code   RO         2118    i.HAL_CAN_WakeUpFromRxMsgCallback  stm32f4xx_hal_can.o
    0x080018a6   0x080018a6   0x00000024   Code   RO         4345    i.HAL_DMA_Abort_IT  stm32f4xx_hal_dma.o
    0x080018ca   0x080018ca   0x00000002   PAD
    0x080018cc   0x080018cc   0x000001a0   Code   RO         4349    i.HAL_DMA_IRQHandler  stm32f4xx_hal_dma.o
    0x08001a6c   0x08001a6c   0x000000d4   Code   RO         4350    i.HAL_DMA_Init      stm32f4xx_hal_dma.o
    0x08001b40   0x08001b40   0x00000046   Code   RO         4353    i.HAL_DMA_Start     stm32f4xx_hal_dma.o
    0x08001b86   0x08001b86   0x00000078   Code   RO         4354    i.HAL_DMA_Start_IT  stm32f4xx_hal_dma.o
    0x08001bfe   0x08001bfe   0x00000002   PAD
    0x08001c00   0x08001c00   0x00000024   Code   RO         4781    i.HAL_Delay         stm32f4xx_hal.o
    0x08001c24   0x08001c24   0x000001cc   Code   RO         4237    i.HAL_GPIO_Init     stm32f4xx_hal_gpio.o
    0x08001df0   0x08001df0   0x0000000a   Code   RO         4241    i.HAL_GPIO_WritePin  stm32f4xx_hal_gpio.o
    0x08001dfa   0x08001dfa   0x00000002   PAD
    0x08001dfc   0x08001dfc   0x0000000c   Code   RO         4789    i.HAL_GetTick       stm32f4xx_hal.o
    0x08001e08   0x08001e08   0x00000010   Code   RO         4793    i.HAL_IncTick       stm32f4xx_hal.o
    0x08001e18   0x08001e18   0x00000034   Code   RO         4794    i.HAL_Init          stm32f4xx_hal.o
    0x08001e4c   0x08001e4c   0x00000074   Code   RO          778    i.HAL_InitTick      stm32f4xx_hal_timebase_tim.o
    0x08001ec0   0x08001ec0   0x00000084   Code   RO          754    i.HAL_MspInit       stm32f4xx_hal_msp.o
    0x08001f44   0x08001f44   0x00000016   Code   RO         4644    i.HAL_NVIC_EnableIRQ  stm32f4xx_hal_cortex.o
    0x08001f5a   0x08001f5a   0x00000002   PAD
    0x08001f5c   0x08001f5c   0x00000040   Code   RO         4650    i.HAL_NVIC_SetPriority  stm32f4xx_hal_cortex.o
    0x08001f9c   0x08001f9c   0x00000024   Code   RO         4651    i.HAL_NVIC_SetPriorityGrouping  stm32f4xx_hal_cortex.o
    0x08001fc0   0x08001fc0   0x00000070   Code   RO         4573    i.HAL_PWREx_EnableOverDrive  stm32f4xx_hal_pwr_ex.o
    0x08002030   0x08002030   0x00000130   Code   RO         3831    i.HAL_RCC_ClockConfig  stm32f4xx_hal_rcc.o
    0x08002160   0x08002160   0x00000040   Code   RO         3835    i.HAL_RCC_GetClockConfig  stm32f4xx_hal_rcc.o
    0x080021a0   0x080021a0   0x0000000c   Code   RO         3836    i.HAL_RCC_GetHCLKFreq  stm32f4xx_hal_rcc.o
    0x080021ac   0x080021ac   0x00000020   Code   RO         3838    i.HAL_RCC_GetPCLK1Freq  stm32f4xx_hal_rcc.o
    0x080021cc   0x080021cc   0x00000020   Code   RO         3839    i.HAL_RCC_GetPCLK2Freq  stm32f4xx_hal_rcc.o
    0x080021ec   0x080021ec   0x00000064   Code   RO         3840    i.HAL_RCC_GetSysClockFreq  stm32f4xx_hal_rcc.o
    0x08002250   0x08002250   0x0000031c   Code   RO         3843    i.HAL_RCC_OscConfig  stm32f4xx_hal_rcc.o
    0x0800256c   0x0800256c   0x00000080   Code   RO         2328    i.HAL_SPI_Init      stm32f4xx_hal_spi.o
    0x080025ec   0x080025ec   0x00000064   Code   RO          457    i.HAL_SPI_MspInit   spi.o
    0x08002650   0x08002650   0x00000168   Code   RO         2336    i.HAL_SPI_Transmit  stm32f4xx_hal_spi.o
    0x080027b8   0x080027b8   0x00000018   Code   RO         4653    i.HAL_SYSTICK_CLKSourceConfig  stm32f4xx_hal_cortex.o
    0x080027d0   0x080027d0   0x00000028   Code   RO         4655    i.HAL_SYSTICK_Config  stm32f4xx_hal_cortex.o
    0x080027f8   0x080027f8   0x00000002   Code   RO         3265    i.HAL_TIMEx_BreakCallback  stm32f4xx_hal_tim_ex.o
    0x080027fa   0x080027fa   0x00000002   Code   RO         3266    i.HAL_TIMEx_CommutationCallback  stm32f4xx_hal_tim_ex.o
    0x080027fc   0x080027fc   0x00000036   Code   RO         2636    i.HAL_TIM_Base_Init  stm32f4xx_hal_tim.o
    0x08002832   0x08002832   0x00000002   Code   RO         2638    i.HAL_TIM_Base_MspInit  stm32f4xx_hal_tim.o
    0x08002834   0x08002834   0x00000018   Code   RO         2641    i.HAL_TIM_Base_Start_IT  stm32f4xx_hal_tim.o
    0x0800284c   0x0800284c   0x00000002   Code   RO         2665    i.HAL_TIM_IC_CaptureCallback  stm32f4xx_hal_tim.o
    0x0800284e   0x0800284e   0x00000166   Code   RO         2678    i.HAL_TIM_IRQHandler  stm32f4xx_hal_tim.o
    0x080029b4   0x080029b4   0x00000002   Code   RO         2681    i.HAL_TIM_OC_DelayElapsedCallback  stm32f4xx_hal_tim.o
    0x080029b6   0x080029b6   0x00000002   Code   RO         2708    i.HAL_TIM_PWM_PulseFinishedCallback  stm32f4xx_hal_tim.o
    0x080029b8   0x080029b8   0x00000014   Code   RO            4    i.HAL_TIM_PeriodElapsedCallback  main.o
    0x080029cc   0x080029cc   0x00000002   Code   RO         2719    i.HAL_TIM_TriggerCallback  stm32f4xx_hal_tim.o
    0x080029ce   0x080029ce   0x00000002   Code   RO         3525    i.HAL_UART_ErrorCallback  stm32f4xx_hal_uart.o
    0x080029d0   0x080029d0   0x00000110   Code   RO         3528    i.HAL_UART_IRQHandler  stm32f4xx_hal_uart.o
    0x08002ae0   0x08002ae0   0x00000062   Code   RO         3529    i.HAL_UART_Init     stm32f4xx_hal_uart.o
    0x08002b42   0x08002b42   0x00000002   PAD
    0x08002b44   0x08002b44   0x0000031c   Code   RO          499    i.HAL_UART_MspInit  usart.o
    0x08002e60   0x08002e60   0x00000002   Code   RO         3535    i.HAL_UART_RxCpltCallback  stm32f4xx_hal_uart.o
    0x08002e62   0x08002e62   0x00000002   Code   RO         3540    i.HAL_UART_TxCpltCallback  stm32f4xx_hal_uart.o
    0x08002e64   0x08002e64   0x00000002   Code   RO          585    i.HardFault_Handler  stm32f4xx_it.o
    0x08002e66   0x08002e66   0x00000002   PAD
    0x08002e68   0x08002e68   0x000001e8   Code   RO         1028    i.Interface_switch  menu_interaction_task.o
    0x08003050   0x08003050   0x00000074   Code   RO          278    i.MX_ADC1_Init      adc.o
    0x080030c4   0x080030c4   0x00000058   Code   RO          320    i.MX_CAN1_Init      can.o
    0x0800311c   0x0800311c   0x0000005c   Code   RO          321    i.MX_CAN2_Init      can.o
    0x08003178   0x08003178   0x0000009c   Code   RO          367    i.MX_DMA_Init       dma.o
    0x08003214   0x08003214   0x000000a0   Code   RO          391    i.MX_FREERTOS_Init  freertos.o
    0x080032b4   0x080032b4   0x000000f4   Code   RO          252    i.MX_GPIO_Init      gpio.o
    0x080033a8   0x080033a8   0x00000058   Code   RO          458    i.MX_SPI1_Init      spi.o
    0x08003400   0x08003400   0x0000004c   Code   RO          500    i.MX_UART7_Init     usart.o
    0x0800344c   0x0800344c   0x0000004c   Code   RO          501    i.MX_UART8_Init     usart.o
    0x08003498   0x08003498   0x00000050   Code   RO          502    i.MX_USART1_UART_Init  usart.o
    0x080034e8   0x080034e8   0x0000004c   Code   RO          503    i.MX_USART2_UART_Init  usart.o
    0x08003534   0x08003534   0x0000004c   Code   RO          504    i.MX_USART3_UART_Init  usart.o
    0x08003580   0x08003580   0x0000004c   Code   RO          505    i.MX_USART6_UART_Init  usart.o
    0x080035cc   0x080035cc   0x00000034   Code   RO         1029    i.Main_Interface_APP  menu_interaction_task.o
    0x08003600   0x08003600   0x00000002   Code   RO          586    i.MemManage_Handler  stm32f4xx_it.o
    0x08003602   0x08003602   0x00000002   Code   RO          587    i.NMI_Handler       stm32f4xx_it.o
    0x08003604   0x08003604   0x00000020   Code   RO         4657    i.NVIC_SetPriority  stm32f4xx_hal_cortex.o
    0x08003624   0x08003624   0x00000024   Code   RO         1368    i.OLED_Clear        oled.o
    0x08003648   0x08003648   0x0000004c   Code   RO         1369    i.OLED_Display      oled.o
    0x08003694   0x08003694   0x000000d4   Code   RO         1372    i.OLED_Init         oled.o
    0x08003768   0x08003768   0x00000038   Code   RO         1373    i.OLED_Reset        oled.o
    0x080037a0   0x080037a0   0x00000024   Code   RO         1374    i.OLED_Set_Pixel    oled.o
    0x080037c4   0x080037c4   0x0000004c   Code   RO         1376    i.OLED_WR_Byte      oled.o
    0x08003810   0x08003810   0x00000018   Code   RO         1622    i.PID_struct_init   pid.o
    0x08003828   0x08003828   0x00000020   Code   RO         2352    i.SPI_CheckFlag_BSY  stm32f4xx_hal_spi.o
    0x08003848   0x08003848   0x00000096   Code   RO         2370    i.SPI_WaitFlagStateUntilTimeout  stm32f4xx_hal_spi.o
    0x080038de   0x080038de   0x00000008   Code   RO          392    i.StartDefaultTask  freertos.o
    0x080038e6   0x080038e6   0x00000004   Code   RO          588    i.SysTick_Handler   stm32f4xx_it.o
    0x080038ea   0x080038ea   0x00000002   PAD
    0x080038ec   0x080038ec   0x000000a8   Code   RO            5    i.SystemClock_Config  main.o
    0x08003994   0x08003994   0x00000054   Code   RO         1764    i.SystemInit        system_stm32f4xx.o
    0x080039e8   0x080039e8   0x0000000c   Code   RO          589    i.TIM1_UP_TIM10_IRQHandler  stm32f4xx_it.o
    0x080039f4   0x080039f4   0x000000c0   Code   RO         2720    i.TIM_Base_SetConfig  stm32f4xx_hal_tim.o
    0x08003ab4   0x08003ab4   0x00000038   Code   RO         1180    i.Task_1_param_init  task_1.o
    0x08003aec   0x08003aec   0x000000bc   Code   RO         1181    i.Task_No_1         task_1.o
    0x08003ba8   0x08003ba8   0x00000018   Code   RO          590    i.UART7_IRQHandler  stm32f4xx_it.o
    0x08003bc0   0x08003bc0   0x00000018   Code   RO          591    i.UART8_IRQHandler  stm32f4xx_it.o
    0x08003bd8   0x08003bd8   0x00000010   Code   RO         3542    i.UART_DMAAbortOnError  stm32f4xx_hal_uart.o
    0x08003be8   0x08003be8   0x0000001c   Code   RO         3552    i.UART_EndRxTransfer  stm32f4xx_hal_uart.o
    0x08003c04   0x08003c04   0x0000008c   Code   RO         3554    i.UART_Receive_IT   stm32f4xx_hal_uart.o
    0x08003c90   0x08003c90   0x000002ac   Code   RO         3555    i.UART_SetConfig    stm32f4xx_hal_uart.o
    0x08003f3c   0x08003f3c   0x00000062   Code   RO         3556    i.UART_Transmit_IT  stm32f4xx_hal_uart.o
    0x08003f9e   0x08003f9e   0x00000002   PAD
    0x08003fa0   0x08003fa0   0x00000018   Code   RO          592    i.USART1_IRQHandler  stm32f4xx_it.o
    0x08003fb8   0x08003fb8   0x00000018   Code   RO          593    i.USART2_IRQHandler  stm32f4xx_it.o
    0x08003fd0   0x08003fd0   0x00000018   Code   RO          594    i.USART3_IRQHandler  stm32f4xx_it.o
    0x08003fe8   0x08003fe8   0x00000018   Code   RO          595    i.USART6_IRQHandler  stm32f4xx_it.o
    0x08004000   0x08004000   0x00000002   Code   RO          596    i.UsageFault_Handler  stm32f4xx_it.o
    0x08004002   0x08004002   0x00000002   Code   RO            6    i._Error_Handler    main.o
    0x08004004   0x08004004   0x00000026   Code   RO         6171    i.__ARM_fpclassifyf  m_wm.l(fpclassifyf.o)
    0x0800402a   0x0800402a   0x00000002   PAD
    0x0800402c   0x0800402c   0x0000012c   Code   RO         6136    i.__hardfp_asinf    m_wm.l(asinf.o)
    0x08004158   0x08004158   0x00000250   Code   RO         6148    i.__hardfp_atan2f   m_wm.l(atan2f.o)
    0x080043a8   0x080043a8   0x00000006   Code   RO         6174    i.__mathlib_flt_infnan  m_wm.l(funder.o)
    0x080043ae   0x080043ae   0x00000006   Code   RO         6175    i.__mathlib_flt_infnan2  m_wm.l(funder.o)
    0x080043b4   0x080043b4   0x00000010   Code   RO         6176    i.__mathlib_flt_invalid  m_wm.l(funder.o)
    0x080043c4   0x080043c4   0x00000010   Code   RO         6179    i.__mathlib_flt_underflow  m_wm.l(funder.o)
    0x080043d4   0x080043d4   0x0000000e   Code   RO         6229    i.__scatterload_copy  mc_w.l(handlers.o)
    0x080043e2   0x080043e2   0x00000002   Code   RO         6230    i.__scatterload_null  mc_w.l(handlers.o)
    0x080043e4   0x080043e4   0x0000000e   Code   RO         6231    i.__scatterload_zeroinit  mc_w.l(handlers.o)
    0x080043f2   0x080043f2   0x00000002   PAD
    0x080043f4   0x080043f4   0x0000000c   Code   RO         6219    i.__set_errno       mc_w.l(errno.o)
    0x08004400   0x08004400   0x0000002a   Code   RO         1623    i.abs_limit         pid.o
    0x0800442a   0x0800442a   0x00000002   PAD
    0x0800442c   0x0800442c   0x00000034   Code   RO         1227    i.can_device_init   bsp_can.o
    0x08004460   0x08004460   0x0000003c   Code   RO         1581    i.can_msg_send_task  comm_task.o
    0x0800449c   0x0800449c   0x0000007c   Code   RO          818    i.chassis_init      chassis_task.o
    0x08004518   0x08004518   0x0000016c   Code   RO          819    i.chassis_task      chassis_task.o
    0x08004684   0x08004684   0x0000005c   Code   RO         1725    i.circle_error      data_processing.o
    0x080046e0   0x080046e0   0x00000050   Code   RO         1228    i.encoder_data_handler  bsp_can.o
    0x08004730   0x08004730   0x00000010   Code   RO         1229    i.get_moto_offset   bsp_can.o
    0x08004740   0x08004740   0x0000035c   Code   RO         1143    i.imu_datahandler   imu_task.o
    0x08004a9c   0x08004a9c   0x0000000c   Code   RO         5764    i.inHandlerMode     cmsis_os.o
    0x08004aa8   0x08004aa8   0x00000090   Code   RO            7    i.main              main.o
    0x08004b38   0x08004b38   0x0000000c   Code   RO         5766    i.makeFreeRtosPriority  cmsis_os.o
    0x08004b44   0x08004b44   0x000000dc   Code   RO          895    i.manipulator_control  manipulator_task.o
    0x08004c20   0x08004c20   0x00000094   Code   RO          896    i.manipulator_param_init  manipulator_task.o
    0x08004cb4   0x08004cb4   0x0000008c   Code   RO          897    i.manipulator_task  manipulator_task.o
    0x08004d40   0x08004d40   0x000000e4   Code   RO          820    i.mecanum_calc      chassis_task.o
    0x08004e24   0x08004e24   0x000004bc   Code   RO         1031    i.menu_switch_task  menu_interaction_task.o
    0x080052e0   0x080052e0   0x00000054   Code   RO          978    i.mode_switch_task  modeswitch_task.o
    0x08005334   0x08005334   0x00000050   Code   RO         1230    i.my_can_filter_init_recv_all  bsp_can.o
    0x08005384   0x08005384   0x000000d4   Code   RO          898    i.normal_calcu      manipulator_task.o
    0x08005458   0x08005458   0x0000000e   Code   RO         5768    i.osDelay           cmsis_os.o
    0x08005466   0x08005466   0x0000000e   Code   RO         5769    i.osDelayUntil      cmsis_os.o
    0x08005474   0x08005474   0x0000000a   Code   RO         5771    i.osKernelStart     cmsis_os.o
    0x0800547e   0x0800547e   0x00000018   Code   RO         5772    i.osKernelSysTick   cmsis_os.o
    0x08005496   0x08005496   0x00000002   PAD
    0x08005498   0x08005498   0x0000005c   Code   RO         5802    i.osSignalSet       cmsis_os.o
    0x080054f4   0x080054f4   0x00000056   Code   RO         5803    i.osSignalWait      cmsis_os.o
    0x0800554a   0x0800554a   0x00000014   Code   RO         5804    i.osSystickHandler  cmsis_os.o
    0x0800555e   0x0800555e   0x0000002e   Code   RO         5805    i.osThreadCreate    cmsis_os.o
    0x0800558c   0x0800558c   0x00000024   Code   RO         5816    i.osTimerCreate     cmsis_os.o
    0x080055b0   0x080055b0   0x0000005c   Code   RO         5818    i.osTimerStart      cmsis_os.o
    0x0800560c   0x0800560c   0x000001c4   Code   RO         1624    i.pid_calc          pid.o
    0x080057d0   0x080057d0   0x0000000e   Code   RO         1625    i.pid_param_init    pid.o
    0x080057de   0x080057de   0x00000006   Code   RO         1626    i.pid_reset         pid.o
    0x080057e4   0x080057e4   0x00000070   Code   RO         5367    i.prvAddCurrentTaskToDelayedList  tasks.o
    0x08005854   0x08005854   0x000000d0   Code   RO         5368    i.prvAddNewTaskToReadyList  tasks.o
    0x08005924   0x08005924   0x00000050   Code   RO         5659    i.prvCheckForValidListAndQueue  timers.o
    0x08005974   0x08005974   0x00000050   Code   RO         5369    i.prvCheckTasksWaitingTermination  tasks.o
    0x080059c4   0x080059c4   0x00000026   Code   RO         5224    i.prvCopyDataFromQueue  queue.o
    0x080059ea   0x080059ea   0x0000006c   Code   RO         5225    i.prvCopyDataToQueue  queue.o
    0x08005a56   0x08005a56   0x00000014   Code   RO         5370    i.prvDeleteTCB      tasks.o
    0x08005a6a   0x08005a6a   0x00000002   PAD
    0x08005a6c   0x08005a6c   0x0000004c   Code   RO         4954    i.prvHeapInit       heap_4.o
    0x08005ab8   0x08005ab8   0x00000028   Code   RO         5371    i.prvIdleTask       tasks.o
    0x08005ae0   0x08005ae0   0x0000008e   Code   RO         5372    i.prvInitialiseNewTask  tasks.o
    0x08005b6e   0x08005b6e   0x00000002   PAD
    0x08005b70   0x08005b70   0x0000004c   Code   RO         4955    i.prvInsertBlockIntoFreeList  heap_4.o
    0x08005bbc   0x08005bbc   0x00000038   Code   RO         5660    i.prvInsertTimerInActiveList  timers.o
    0x08005bf4   0x08005bf4   0x0000001c   Code   RO         5226    i.prvIsQueueEmpty   queue.o
    0x08005c10   0x08005c10   0x000000b8   Code   RO         5661    i.prvProcessReceivedCommands  timers.o
    0x08005cc8   0x08005cc8   0x000000b4   Code   RO         5662    i.prvProcessTimerOrBlockTask  timers.o
    0x08005d7c   0x08005d7c   0x00000020   Code   RO         5373    i.prvResetNextTaskUnblockTime  tasks.o
    0x08005d9c   0x08005d9c   0x00000028   Code   RO         5663    i.prvSampleTimeNow  timers.o
    0x08005dc4   0x08005dc4   0x0000006c   Code   RO         5664    i.prvSwitchTimerLists  timers.o
    0x08005e30   0x08005e30   0x00000028   Code   RO         5022    i.prvTaskExitError  port.o
    0x08005e58   0x08005e58   0x00000024   Code   RO         5665    i.prvTimerTask      timers.o
    0x08005e7c   0x08005e7c   0x0000006a   Code   RO         5227    i.prvUnlockQueue    queue.o
    0x08005ee6   0x08005ee6   0x00000002   PAD
    0x08005ee8   0x08005ee8   0x000000d8   Code   RO         4956    i.pvPortMalloc      heap_4.o
    0x08005fc0   0x08005fc0   0x00000018   Code   RO         5375    i.pvTaskIncrementMutexHeldCount  tasks.o
    0x08005fd8   0x08005fd8   0x0000002c   Code   RO         5023    i.pxPortInitialiseStack  port.o
    0x08006004   0x08006004   0x0000003c   Code   RO         1726    i.ramp_calc         data_processing.o
    0x08006040   0x08006040   0x0000008e   Code   RO         1695    i.rc_callback_handler  remote_msg.o
    0x080060ce   0x080060ce   0x00000002   PAD
    0x080060d0   0x080060d0   0x00000058   Code   RO         1231    i.send_chassis_cur  bsp_can.o
    0x08006128   0x08006128   0x00000014   Code   RO         1582    i.send_chassis_motor_ctrl_message  comm_task.o
    0x0800613c   0x0800613c   0x00000058   Code   RO         1232    i.send_manipulator_cur  bsp_can.o
    0x08006194   0x08006194   0x00000008   Code   RO         1583    i.send_manipulator_motor_ctrl_message  comm_task.o
    0x0800619c   0x0800619c   0x0000003e   Code   RO         6189    i.sqrtf             m_wm.l(sqrtf.o)
    0x080061da   0x080061da   0x00000002   PAD
    0x080061dc   0x080061dc   0x000002b0   Code   RO         1300    i.tof_data_decoding  bsp_uart.o
    0x0800648c   0x0800648c   0x000000d8   Code   RO         1301    i.uart_init         bsp_uart.o
    0x08006564   0x08006564   0x0000003e   Code   RO         1302    i.uart_receive_dma_no_it  bsp_uart.o
    0x080065a2   0x080065a2   0x00000002   PAD
    0x080065a4   0x080065a4   0x000000a8   Code   RO         1303    i.uart_receive_handler  bsp_uart.o
    0x0800664c   0x0800664c   0x000001b4   Code   RO         1304    i.uart_rx_idle_callback  bsp_uart.o
    0x08006800   0x08006800   0x00000024   Code   RO         5187    i.uxListRemove      list.o
    0x08006824   0x08006824   0x00000016   Code   RO         5188    i.vListInitialise   list.o
    0x0800683a   0x0800683a   0x00000006   Code   RO         5189    i.vListInitialiseItem  list.o
    0x08006840   0x08006840   0x00000030   Code   RO         5190    i.vListInsert       list.o
    0x08006870   0x08006870   0x00000018   Code   RO         5191    i.vListInsertEnd    list.o
    0x08006888   0x08006888   0x00000040   Code   RO         5025    i.vPortEnterCritical  port.o
    0x080068c8   0x080068c8   0x00000028   Code   RO         5026    i.vPortExitCritical  port.o
    0x080068f0   0x080068f0   0x0000005c   Code   RO         4957    i.vPortFree         heap_4.o
    0x0800694c   0x0800694c   0x00000020   Code   RO         5027    i.vPortSetupTimerInterrupt  port.o
    0x0800696c   0x0800696c   0x00000054   Code   RO         5028    i.vPortValidateInterruptPriority  port.o
    0x080069c0   0x080069c0   0x00000028   Code   RO         5231    i.vQueueAddToRegistry  queue.o
    0x080069e8   0x080069e8   0x00000044   Code   RO         5234    i.vQueueWaitForMessageRestricted  queue.o
    0x08006a2c   0x08006a2c   0x0000004c   Code   RO         5381    i.vTaskDelay        tasks.o
    0x08006a78   0x08006a78   0x0000008c   Code   RO         5382    i.vTaskDelayUntil   tasks.o
    0x08006b04   0x08006b04   0x0000000c   Code   RO         5385    i.vTaskMissedYield  tasks.o
    0x08006b10   0x08006b10   0x00000030   Code   RO         5387    i.vTaskPlaceOnEventList  tasks.o
    0x08006b40   0x08006b40   0x00000038   Code   RO         5388    i.vTaskPlaceOnEventListRestricted  tasks.o
    0x08006b78   0x08006b78   0x00000084   Code   RO         5390    i.vTaskPriorityInherit  tasks.o
    0x08006bfc   0x08006bfc   0x00000024   Code   RO         5393    i.vTaskSetTimeOutState  tasks.o
    0x08006c20   0x08006c20   0x00000070   Code   RO         5394    i.vTaskStartScheduler  tasks.o
    0x08006c90   0x08006c90   0x00000010   Code   RO         5396    i.vTaskSuspendAll   tasks.o
    0x08006ca0   0x08006ca0   0x0000005c   Code   RO         5397    i.vTaskSwitchContext  tasks.o
    0x08006cfc   0x08006cfc   0x0000008c   Code   RO         1095    i.vision_message    visionfire_task.o
    0x08006d88   0x08006d88   0x000000e0   Code   RO         5029    i.xPortStartScheduler  port.o
    0x08006e68   0x08006e68   0x0000002c   Code   RO         5030    i.xPortSysTickHandler  port.o
    0x08006e94   0x08006e94   0x00000048   Code   RO         5236    i.xQueueGenericCreate  queue.o
    0x08006edc   0x08006edc   0x0000016c   Code   RO         5237    i.xQueueGenericReceive  queue.o
    0x08007048   0x08007048   0x00000088   Code   RO         5238    i.xQueueGenericReset  queue.o
    0x080070d0   0x080070d0   0x00000160   Code   RO         5239    i.xQueueGenericSend  queue.o
    0x08007230   0x08007230   0x000000bc   Code   RO         5240    i.xQueueGenericSendFromISR  queue.o
    0x080072ec   0x080072ec   0x0000006c   Code   RO         5398    i.xTaskCheckForTimeOut  tasks.o
    0x08007358   0x08007358   0x00000056   Code   RO         5399    i.xTaskCreate       tasks.o
    0x080073ae   0x080073ae   0x00000002   PAD
    0x080073b0   0x080073b0   0x000000cc   Code   RO         5400    i.xTaskGenericNotify  tasks.o
    0x0800747c   0x0800747c   0x000000f0   Code   RO         5401    i.xTaskGenericNotifyFromISR  tasks.o
    0x0800756c   0x0800756c   0x0000001c   Code   RO         5403    i.xTaskGetSchedulerState  tasks.o
    0x08007588   0x08007588   0x0000000c   Code   RO         5404    i.xTaskGetTickCount  tasks.o
    0x08007594   0x08007594   0x00000010   Code   RO         5405    i.xTaskGetTickCountFromISR  tasks.o
    0x080075a4   0x080075a4   0x000000c8   Code   RO         5406    i.xTaskIncrementTick  tasks.o
    0x0800766c   0x0800766c   0x0000008c   Code   RO         5408    i.xTaskNotifyWait   tasks.o
    0x080076f8   0x080076f8   0x00000098   Code   RO         5409    i.xTaskPriorityDisinherit  tasks.o
    0x08007790   0x08007790   0x00000074   Code   RO         5410    i.xTaskRemoveFromEventList  tasks.o
    0x08007804   0x08007804   0x000000c4   Code   RO         5412    i.xTaskResumeAll    tasks.o
    0x080078c8   0x080078c8   0x0000004e   Code   RO         5668    i.xTimerCreate      timers.o
    0x08007916   0x08007916   0x00000002   PAD
    0x08007918   0x08007918   0x00000048   Code   RO         5669    i.xTimerCreateTimerTask  timers.o
    0x08007960   0x08007960   0x00000060   Code   RO         5670    i.xTimerGenericCommand  timers.o
    0x080079c0   0x080079c0   0x0000004c   Data   RO          393    .constdata          freertos.o
    0x08007a0c   0x08007a0c   0x00000d7c   Data   RO         1469    .constdata          gui.o
    0x08008788   0x08008788   0x00000010   Data   RO         1765    .constdata          system_stm32f4xx.o
    0x08008798   0x08008798   0x00000008   Data   RO         1766    .constdata          system_stm32f4xx.o
    0x080087a0   0x080087a0   0x00000008   Data   RO         4356    .constdata          stm32f4xx_hal_dma.o
    0x080087a8   0x080087a8   0x00000020   Data   RO          394    .conststring        freertos.o
    0x080087c8   0x080087c8   0x00000020   Data   RO         6227    Region$$Table       anon$$obj.o


    Execution Region RW_IRAM1 (Exec base: 0x20000000, Load base: 0x080087e8, Size: 0x00005340, Max: 0x00030000, ABSOLUTE)

    Exec Addr    Load Addr    Size         Type   Attr      Idx    E Section Name        Object

    0x20000000   0x080087e8   0x00000004   Data   RW          323    .data               can.o
    0x20000004   0x080087ec   0x0000001c   Data   RW          395    .data               freertos.o
    0x20000020   0x08008808   0x00000001   Data   RW          901    .data               manipulator_task.o
    0x20000021   0x08008809   0x00000001   Data   RW          979    .data               modeswitch_task.o
    0x20000022   0x0800880a   0x00000004   Data   RW         1033    .data               menu_interaction_task.o
    0x20000026   0x0800880e   0x00000002   Data   RW         1099    .data               visionfire_task.o
    0x20000028   0x08008810   0x00000008   Data   RW         1145    .data               imu_task.o
    0x20000030   0x08008818   0x00000019   Data   RW         1235    .data               bsp_can.o
    0x20000049   0x08008831   0x00000028   Data   RW         1306    .data               bsp_uart.o
    0x20000071   0x08008859   0x00000003   PAD
    0x20000074   0x0800885c   0x00000004   Data   RW         1767    .data               system_stm32f4xx.o
    0x20000078   0x08008860   0x0000000c   Data   RW         4801    .data               stm32f4xx_hal.o
    0x20000084   0x0800886c   0x00000018   Data   RW         4962    .data               heap_4.o
    0x2000009c   0x08008884   0x0000000c   Data   RW         5031    .data               port.o
    0x200000a8   0x08008890   0x0000003c   Data   RW         5415    .data               tasks.o
    0x200000e4   0x080088cc   0x00000014   Data   RW         5676    .data               timers.o
    0x200000f8   0x080088e0   0x00000004   Data   RW         6220    .data               mc_w.l(errno.o)
    0x200000fc        -       0x000000a8   Zero   RW          279    .bss                adc.o
    0x200001a4        -       0x00000050   Zero   RW          322    .bss                can.o
    0x200001f4        -       0x00000058   Zero   RW          459    .bss                spi.o
    0x2000024c        -       0x000003c0   Zero   RW          506    .bss                usart.o
    0x2000060c        -       0x0000003c   Zero   RW          781    .bss                stm32f4xx_hal_timebase_tim.o
    0x20000648        -       0x00000030   Zero   RW          821    .bss                chassis_task.o
    0x20000678        -       0x0000009c   Zero   RW          900    .bss                manipulator_task.o
    0x20000714        -       0x00000024   Zero   RW         1032    .bss                menu_interaction_task.o
    0x20000738        -       0x00000030   Zero   RW         1096    .bss                visionfire_task.o
    0x20000768        -       0x00000094   Zero   RW         1144    .bss                imu_task.o
    0x200007fc        -       0x00000010   Zero   RW         1182    .bss                task_1.o
    0x2000080c        -       0x000001b8   Zero   RW         1233    .bss                bsp_can.o
    0x200009c4        -       0x00000022   Zero   RW         1305    .bss                bsp_uart.o
    0x200009e6        -       0x00000400   Zero   RW         1377    .bss                oled.o
    0x20000de6        -       0x0000000c   Zero   RW         1584    .bss                comm_task.o
    0x20000df2   0x080088e4   0x00000002   PAD
    0x20000df4        -       0x000001b0   Zero   RW         1629    .bss                pid.o
    0x20000fa4        -       0x0000006c   Zero   RW         1630    .bss                pid.o
    0x20001010        -       0x0000006c   Zero   RW         1631    .bss                pid.o
    0x2000107c        -       0x0000006c   Zero   RW         1632    .bss                pid.o
    0x200010e8        -       0x0000006c   Zero   RW         1633    .bss                pid.o
    0x20001154        -       0x0000006c   Zero   RW         1634    .bss                pid.o
    0x200011c0        -       0x00000014   Zero   RW         1696    .bss                remote_msg.o
    0x200011d4        -       0x00000014   Zero   RW         1727    .bss                data_processing.o
    0x200011e8        -       0x00003c00   Zero   RW         4961    .bss                heap_4.o
    0x20004de8        -       0x00000040   Zero   RW         5246    .bss                queue.o
    0x20004e28        -       0x000000f0   Zero   RW         5414    .bss                tasks.o
    0x20004f18        -       0x00000028   Zero   RW         5675    .bss                timers.o
    0x20004f40        -       0x00000400   Zero   RW         1798    STACK               startup_stm32f427xx.o


==============================================================================

Image component sizes


      Code (inc. data)   RO Data    RW Data    ZI Data      Debug   Object Name

       276         66          0          0        168       1739   adc.o
       660         84          0         25        440       6236   bsp_can.o
      1570        130          0         40         34       6025   bsp_uart.o
       420         72          0          4         80       2418   can.o
       716         92          0          0         48       4074   chassis_task.o
       458         16          0          0          0      20181   cmsis_os.o
        88          6          0          0         12       2806   comm_task.o
       152          6          0          0         20       2690   data_processing.o
       156          4          0          0          0        850   dma.o
         0          0          0          0          0       8068   event_groups.o
       168         10        108         28          0       2457   freertos.o
       244         18          0          0          0       1087   gpio.o
       950         26       3452          0          0       7937   gui.o
       460         24          0         24      15360      12875   heap_4.o
       860         70          0          8        148       3709   imu_task.o
       136          0          0          0          0       3578   list.o
       334         20          0          0          0     788817   main.o
       720        138          0          1        156       4326   manipulator_task.o
      1872        186          0          4         36       5618   menu_interaction_task.o
        84         18          0          1          0       1171   modeswitch_task.o
       492         36          0          0       1024       5365   oled.o
       538         12          0          0        972       5053   pid.o
       758         84          0         12          0      11965   port.o
      1500         20          0          0         64      14189   queue.o
       142          0          0          0         20       2411   remote_msg.o
       188         42          0          0         88       1649   spi.o
        36          8        428          0       1024        808   startup_stm32f427xx.o
       116         18          0         12          0       3922   stm32f4xx_hal.o
      1426         62          0          0          0       8877   stm32f4xx_hal_adc.o
         2          0          0          0          0        993   stm32f4xx_hal_adc_ex.o
      1708          6          0          0          0      14837   stm32f4xx_hal_can.o
       218         14          0          0          0      31077   stm32f4xx_hal_cortex.o
      1018         16          8          0          0       7386   stm32f4xx_hal_dma.o
       470         52          0          0          0       2460   stm32f4xx_hal_gpio.o
       132          6          0          0          0        922   stm32f4xx_hal_msp.o
       112         14          0          0          0       1300   stm32f4xx_hal_pwr_ex.o
      1340         96          0          0          0       6337   stm32f4xx_hal_rcc.o
       670          0          0          0          0       4126   stm32f4xx_hal_spi.o
       638         44          0          0          0       7106   stm32f4xx_hal_tim.o
         4          0          0          0          0       1630   stm32f4xx_hal_tim_ex.o
       116         16          0          0         60       1465   stm32f4xx_hal_timebase_tim.o
      1342         14          0          0          0       7503   stm32f4xx_hal_uart.o
       328        120          0          0          0      12919   stm32f4xx_it.o
        84         18         24          4          0       1179   system_stm32f4xx.o
       416        100          0          0         16       2861   task_1.o
      2876        238          0         60        240      29823   tasks.o
       930         78          0         20         40      11070   timers.o
      1256        230          0          0        960       5435   usart.o
       140          8          0          2         48       2180   visionfire_task.o

    ----------------------------------------------------------------------
     29368       2338       4052        248      21060    1093510   Object Totals
         0          0         32          0          0          0   (incl. Generated)
        48          0          0          3          2          0   (incl. Padding)

    ----------------------------------------------------------------------

      Code (inc. data)   RO Data    RW Data    ZI Data      Debug   Library Member Name

       300         42          0          0          0        176   asinf.o
       592         90          0          0          0        184   atan2f.o
        38          0          0          0          0        116   fpclassifyf.o
        44         12          0          0          0        464   funder.o
        62          0          0          0          0        136   sqrtf.o
         0          0          0          0          0          0   entry.o
         0          0          0          0          0          0   entry10a.o
         0          0          0          0          0          0   entry11a.o
         8          4          0          0          0          0   entry2.o
         4          0          0          0          0          0   entry5.o
         0          0          0          0          0          0   entry7b.o
         0          0          0          0          0          0   entry8b.o
         8          4          0          0          0          0   entry9a.o
        12          6          0          4          0         68   errno.o
        30          0          0          0          0          0   handlers.o
        36          8          0          0          0         68   init.o
         0          0          0          0          0          0   iusefp.o
        30          0          0          0          0         68   llshl.o
        32          0          0          0          0         68   llushr.o
        36          0          0          0          0         68   memcpya.o
        36          0          0          0          0        108   memseta.o
        98          0          0          0          0         92   uldiv.o

    ----------------------------------------------------------------------
      1372        166          0          4          0       1616   Library Totals
         6          0          0          0          0          0   (incl. Padding)

    ----------------------------------------------------------------------

      Code (inc. data)   RO Data    RW Data    ZI Data      Debug   Library Name

      1036        144          0          0          0       1076   m_wm.l
       330         22          0          4          0        540   mc_w.l

    ----------------------------------------------------------------------
      1372        166          0          4          0       1616   Library Totals

    ----------------------------------------------------------------------

==============================================================================


      Code (inc. data)   RO Data    RW Data    ZI Data      Debug   

     30740       2504       4052        252      21060    1068274   Grand Totals
     30740       2504       4052        252      21060    1068274   ELF Image Totals
     30740       2504       4052        252          0          0   ROM Totals

==============================================================================

    Total RO  Size (Code + RO Data)                34792 (  33.98kB)
    Total RW  Size (RW Data + ZI Data)             21312 (  20.81kB)
    Total ROM Size (Code + RO Data + RW Data)      35044 (  34.22kB)

==============================================================================

